------------------------------------------------------------
TimeQuest Timing Analyzer Summary
------------------------------------------------------------

Type  : Slow 1200mV 85C Model Setup 'CLOCK_50'
Slack : -16.005
TNS   : -251.173

Type  : Slow 1200mV 85C Model Setup 'system:interface|clock_50_to_01:uclock_50_to_01|clk_o'
Slack : -12.593
TNS   : -15128.543

Type  : Slow 1200mV 85C Model Setup 'KEY[0]'
Slack : -1.124
TNS   : -6.892

Type  : Slow 1200mV 85C Model Hold 'CLOCK_50'
Slack : 0.391
TNS   : 0.000

Type  : Slow 1200mV 85C Model Hold 'KEY[0]'
Slack : 0.699
TNS   : 0.000

Type  : Slow 1200mV 85C Model Hold 'system:interface|clock_50_to_01:uclock_50_to_01|clk_o'
Slack : 1.517
TNS   : 0.000

Type  : Slow 1200mV 85C Model Minimum Pulse Width 'CLOCK_50'
Slack : -3.000
TNS   : -118.500

Type  : Slow 1200mV 85C Model Minimum Pulse Width 'KEY[0]'
Slack : -3.000
TNS   : -15.000

Type  : Slow 1200mV 85C Model Minimum Pulse Width 'system:interface|clock_50_to_01:uclock_50_to_01|clk_o'
Slack : -1.500
TNS   : -1980.000

Type  : Slow 1200mV 0C Model Setup 'CLOCK_50'
Slack : -14.830
TNS   : -223.937

Type  : Slow 1200mV 0C Model Setup 'system:interface|clock_50_to_01:uclock_50_to_01|clk_o'
Slack : -11.726
TNS   : -14007.982

Type  : Slow 1200mV 0C Model Setup 'KEY[0]'
Slack : -0.908
TNS   : -5.368

Type  : Slow 1200mV 0C Model Hold 'CLOCK_50'
Slack : 0.343
TNS   : 0.000

Type  : Slow 1200mV 0C Model Hold 'KEY[0]'
Slack : 0.637
TNS   : 0.000

Type  : Slow 1200mV 0C Model Hold 'system:interface|clock_50_to_01:uclock_50_to_01|clk_o'
Slack : 1.366
TNS   : 0.000

Type  : Slow 1200mV 0C Model Minimum Pulse Width 'CLOCK_50'
Slack : -3.000
TNS   : -118.500

Type  : Slow 1200mV 0C Model Minimum Pulse Width 'KEY[0]'
Slack : -3.000
TNS   : -15.000

Type  : Slow 1200mV 0C Model Minimum Pulse Width 'system:interface|clock_50_to_01:uclock_50_to_01|clk_o'
Slack : -1.500
TNS   : -1980.000

Type  : Fast 1200mV 0C Model Setup 'CLOCK_50'
Slack : -7.433
TNS   : -87.074

Type  : Fast 1200mV 0C Model Setup 'system:interface|clock_50_to_01:uclock_50_to_01|clk_o'
Slack : -5.784
TNS   : -6823.648

Type  : Fast 1200mV 0C Model Setup 'KEY[0]'
Slack : -0.030
TNS   : -0.056

Type  : Fast 1200mV 0C Model Hold 'CLOCK_50'
Slack : 0.136
TNS   : 0.000

Type  : Fast 1200mV 0C Model Hold 'KEY[0]'
Slack : 0.323
TNS   : 0.000

Type  : Fast 1200mV 0C Model Hold 'system:interface|clock_50_to_01:uclock_50_to_01|clk_o'
Slack : 0.686
TNS   : 0.000

Type  : Fast 1200mV 0C Model Minimum Pulse Width 'CLOCK_50'
Slack : -3.000
TNS   : -81.281

Type  : Fast 1200mV 0C Model Minimum Pulse Width 'KEY[0]'
Slack : -3.000
TNS   : -13.992

Type  : Fast 1200mV 0C Model Minimum Pulse Width 'system:interface|clock_50_to_01:uclock_50_to_01|clk_o'
Slack : -1.000
TNS   : -1320.000

------------------------------------------------------------
