------------------------------------------------------------
TimeQuest Timing Analyzer Summary
------------------------------------------------------------

Type  : Slow 1200mV 85C Model Setup 'CLOCK_50'
Slack : -130.161
TNS   : -996.625

Type  : Slow 1200mV 85C Model Setup 'KEY[0]'
Slack : -128.435
TNS   : -52781.202

Type  : Slow 1200mV 85C Model Setup 'system:interface|ALU_control:uALU_control|ALU_control_out[0]'
Slack : -11.909
TNS   : -11.909

Type  : Slow 1200mV 85C Model Hold 'CLOCK_50'
Slack : 0.393
TNS   : 0.000

Type  : Slow 1200mV 85C Model Hold 'KEY[0]'
Slack : 0.697
TNS   : 0.000

Type  : Slow 1200mV 85C Model Hold 'system:interface|ALU_control:uALU_control|ALU_control_out[0]'
Slack : 3.735
TNS   : 0.000

Type  : Slow 1200mV 85C Model Minimum Pulse Width 'KEY[0]'
Slack : -3.000
TNS   : -792.544

Type  : Slow 1200mV 85C Model Minimum Pulse Width 'CLOCK_50'
Slack : -3.000
TNS   : -79.500

Type  : Slow 1200mV 85C Model Minimum Pulse Width 'system:interface|ALU_control:uALU_control|ALU_control_out[0]'
Slack : 0.489
TNS   : 0.000

Type  : Slow 1200mV 0C Model Setup 'CLOCK_50'
Slack : -117.494
TNS   : -897.735

Type  : Slow 1200mV 0C Model Setup 'KEY[0]'
Slack : -115.868
TNS   : -47567.206

Type  : Slow 1200mV 0C Model Setup 'system:interface|ALU_control:uALU_control|ALU_control_out[0]'
Slack : -10.793
TNS   : -10.793

Type  : Slow 1200mV 0C Model Hold 'CLOCK_50'
Slack : 0.345
TNS   : 0.000

Type  : Slow 1200mV 0C Model Hold 'KEY[0]'
Slack : 0.620
TNS   : 0.000

Type  : Slow 1200mV 0C Model Hold 'system:interface|ALU_control:uALU_control|ALU_control_out[0]'
Slack : 3.442
TNS   : 0.000

Type  : Slow 1200mV 0C Model Minimum Pulse Width 'KEY[0]'
Slack : -3.000
TNS   : -792.192

Type  : Slow 1200mV 0C Model Minimum Pulse Width 'CLOCK_50'
Slack : -3.000
TNS   : -79.500

Type  : Slow 1200mV 0C Model Minimum Pulse Width 'system:interface|ALU_control:uALU_control|ALU_control_out[0]'
Slack : 0.456
TNS   : 0.000

Type  : Fast 1200mV 0C Model Setup 'CLOCK_50'
Slack : -63.923
TNS   : -468.393

Type  : Fast 1200mV 0C Model Setup 'KEY[0]'
Slack : -63.254
TNS   : -25938.185

Type  : Fast 1200mV 0C Model Setup 'system:interface|ALU_control:uALU_control|ALU_control_out[0]'
Slack : -5.217
TNS   : -5.217

Type  : Fast 1200mV 0C Model Hold 'CLOCK_50'
Slack : 0.175
TNS   : 0.000

Type  : Fast 1200mV 0C Model Hold 'KEY[0]'
Slack : 0.278
TNS   : 0.000

Type  : Fast 1200mV 0C Model Hold 'system:interface|ALU_control:uALU_control|ALU_control_out[0]'
Slack : 1.714
TNS   : 0.000

Type  : Fast 1200mV 0C Model Minimum Pulse Width 'KEY[0]'
Slack : -3.000
TNS   : -621.732

Type  : Fast 1200mV 0C Model Minimum Pulse Width 'CLOCK_50'
Slack : -3.000
TNS   : -55.038

Type  : Fast 1200mV 0C Model Minimum Pulse Width 'system:interface|ALU_control:uALU_control|ALU_control_out[0]'
Slack : 0.421
TNS   : 0.000

------------------------------------------------------------
