------------------------------------------------------------
TimeQuest Timing Analyzer Summary
------------------------------------------------------------

Type  : Slow 1200mV 85C Model Setup 'CLOCK_50'
Slack : -7.319
TNS   : -131.744

Type  : Slow 1200mV 85C Model Setup 'KEY[0]'
Slack : -4.618
TNS   : -108.652

Type  : Slow 1200mV 85C Model Hold 'CLOCK_50'
Slack : 0.393
TNS   : 0.000

Type  : Slow 1200mV 85C Model Hold 'KEY[0]'
Slack : 0.440
TNS   : 0.000

Type  : Slow 1200mV 85C Model Minimum Pulse Width 'KEY[0]'
Slack : -3.000
TNS   : -105.579

Type  : Slow 1200mV 85C Model Minimum Pulse Width 'CLOCK_50'
Slack : -3.000
TNS   : -79.500

Type  : Slow 1200mV 0C Model Setup 'CLOCK_50'
Slack : -6.682
TNS   : -116.643

Type  : Slow 1200mV 0C Model Setup 'KEY[0]'
Slack : -4.167
TNS   : -96.028

Type  : Slow 1200mV 0C Model Hold 'CLOCK_50'
Slack : 0.344
TNS   : 0.000

Type  : Slow 1200mV 0C Model Hold 'KEY[0]'
Slack : 0.387
TNS   : 0.000

Type  : Slow 1200mV 0C Model Minimum Pulse Width 'KEY[0]'
Slack : -3.000
TNS   : -105.447

Type  : Slow 1200mV 0C Model Minimum Pulse Width 'CLOCK_50'
Slack : -3.000
TNS   : -79.500

Type  : Fast 1200mV 0C Model Setup 'CLOCK_50'
Slack : -2.794
TNS   : -37.541

Type  : Fast 1200mV 0C Model Setup 'KEY[0]'
Slack : -1.594
TNS   : -32.078

Type  : Fast 1200mV 0C Model Hold 'CLOCK_50'
Slack : 0.175
TNS   : 0.000

Type  : Fast 1200mV 0C Model Hold 'KEY[0]'
Slack : 0.201
TNS   : 0.000

Type  : Fast 1200mV 0C Model Minimum Pulse Width 'KEY[0]'
Slack : -3.000
TNS   : -79.072

Type  : Fast 1200mV 0C Model Minimum Pulse Width 'CLOCK_50'
Slack : -3.000
TNS   : -54.873

------------------------------------------------------------
