Analysis & Synthesis report for system
Sat May 26 01:04:31 2018
Quartus Prime Version 16.1.0 Build 196 10/24/2016 SJ Lite Edition


---------------------
; Table of Contents ;
---------------------
  1. Legal Notice
  2. Analysis & Synthesis Summary
  3. Analysis & Synthesis Settings
  4. Parallel Compilation
  5. Analysis & Synthesis Source Files Read
  6. Analysis & Synthesis Resource Usage Summary
  7. Analysis & Synthesis Resource Utilization by Entity
  8. State Machine - |system_INTERFACE|system:interface|LCD_TEST:uLCD_TEST|mLCD_ST
  9. State Machine - |system_INTERFACE|system:interface|LCD_TEST:uLCD_TEST|LCD_Controller:u0|ST
 10. Registers Removed During Synthesis
 11. General Register Statistics
 12. Multiplexer Restructuring Statistics (Restructuring Performed)
 13. Parameter Settings for User Entity Instance: system:interface|control:ucontrol
 14. Parameter Settings for User Entity Instance: system:interface|LCD_TEST:uLCD_TEST
 15. Parameter Settings for User Entity Instance: system:interface|LCD_TEST:uLCD_TEST|LCD_Controller:u0
 16. Port Connectivity Checks: "system:interface|LCD_Selector:uLCD_selector"
 17. Port Connectivity Checks: "system:interface|LCD_TEST:uLCD_TEST"
 18. Port Connectivity Checks: "system:interface|DMEM:uDMEM"
 19. Port Connectivity Checks: "system:interface|REG:uREG"
 20. Port Connectivity Checks: "system:interface"
 21. Post-Synthesis Netlist Statistics for Top Partition
 22. Elapsed Time Per Partition
 23. Analysis & Synthesis Messages
 24. Analysis & Synthesis Suppressed Messages



----------------
; Legal Notice ;
----------------
Copyright (C) 2016  Intel Corporation. All rights reserved.
Your use of Intel Corporation's design tools, logic functions 
and other software and tools, and its AMPP partner logic 
functions, and any output files from any of the foregoing 
(including device programming or simulation files), and any 
associated documentation or information are expressly subject 
to the terms and conditions of the Intel Program License 
Subscription Agreement, the Intel Quartus Prime License Agreement,
the Intel MegaCore Function License Agreement, or other 
applicable license agreement, including, without limitation, 
that your use is for the sole purpose of programming logic 
devices manufactured by Intel and sold by Intel or its 
authorized distributors.  Please refer to the applicable 
agreement for further details.



+----------------------------------------------------------------------------------+
; Analysis & Synthesis Summary                                                     ;
+------------------------------------+---------------------------------------------+
; Analysis & Synthesis Status        ; Successful - Sat May 26 01:04:31 2018       ;
; Quartus Prime Version              ; 16.1.0 Build 196 10/24/2016 SJ Lite Edition ;
; Revision Name                      ; system                                      ;
; Top-level Entity Name              ; system_INTERFACE                            ;
; Family                             ; Cyclone IV GX                               ;
; Total logic elements               ; 2,872                                       ;
;     Total combinational functions  ; 1,624                                       ;
;     Dedicated logic registers      ; 1,405                                       ;
; Total registers                    ; 1405                                        ;
; Total pins                         ; 75                                          ;
; Total virtual pins                 ; 0                                           ;
; Total memory bits                  ; 0                                           ;
; Embedded Multiplier 9-bit elements ; 0                                           ;
; Total GXB Receiver Channel PCS     ; 0                                           ;
; Total GXB Receiver Channel PMA     ; 0                                           ;
; Total GXB Transmitter Channel PCS  ; 0                                           ;
; Total GXB Transmitter Channel PMA  ; 0                                           ;
; Total PLLs                         ; 0                                           ;
+------------------------------------+---------------------------------------------+


+----------------------------------------------------------------------------------------------------------------------+
; Analysis & Synthesis Settings                                                                                        ;
+----------------------------------------------------------------------------+--------------------+--------------------+
; Option                                                                     ; Setting            ; Default Value      ;
+----------------------------------------------------------------------------+--------------------+--------------------+
; Device                                                                     ; EP4CGX150DF31C7    ;                    ;
; Top-level entity name                                                      ; system_INTERFACE   ; system             ;
; Family name                                                                ; Cyclone IV GX      ; Cyclone V          ;
; Maximum processors allowed for parallel compilation                        ; 2                  ;                    ;
; Use smart compilation                                                      ; Off                ; Off                ;
; Enable parallel Assembler and TimeQuest Timing Analyzer during compilation ; On                 ; On                 ;
; Enable compact report table                                                ; Off                ; Off                ;
; Restructure Multiplexers                                                   ; Auto               ; Auto               ;
; Create Debugging Nodes for IP Cores                                        ; Off                ; Off                ;
; Preserve fewer node names                                                  ; On                 ; On                 ;
; OpenCore Plus hardware evaluation                                          ; Enable             ; Enable             ;
; Verilog Version                                                            ; Verilog_2001       ; Verilog_2001       ;
; VHDL Version                                                               ; VHDL_1993          ; VHDL_1993          ;
; State Machine Processing                                                   ; Auto               ; Auto               ;
; Safe State Machine                                                         ; Off                ; Off                ;
; Extract Verilog State Machines                                             ; On                 ; On                 ;
; Extract VHDL State Machines                                                ; On                 ; On                 ;
; Ignore Verilog initial constructs                                          ; Off                ; Off                ;
; Iteration limit for constant Verilog loops                                 ; 5000               ; 5000               ;
; Iteration limit for non-constant Verilog loops                             ; 250                ; 250                ;
; Add Pass-Through Logic to Inferred RAMs                                    ; On                 ; On                 ;
; Infer RAMs from Raw Logic                                                  ; On                 ; On                 ;
; Parallel Synthesis                                                         ; On                 ; On                 ;
; DSP Block Balancing                                                        ; Auto               ; Auto               ;
; NOT Gate Push-Back                                                         ; On                 ; On                 ;
; Power-Up Don't Care                                                        ; On                 ; On                 ;
; Remove Redundant Logic Cells                                               ; Off                ; Off                ;
; Remove Duplicate Registers                                                 ; On                 ; On                 ;
; Ignore CARRY Buffers                                                       ; Off                ; Off                ;
; Ignore CASCADE Buffers                                                     ; Off                ; Off                ;
; Ignore GLOBAL Buffers                                                      ; Off                ; Off                ;
; Ignore ROW GLOBAL Buffers                                                  ; Off                ; Off                ;
; Ignore LCELL Buffers                                                       ; Off                ; Off                ;
; Ignore SOFT Buffers                                                        ; On                 ; On                 ;
; Limit AHDL Integers to 32 Bits                                             ; Off                ; Off                ;
; Optimization Technique                                                     ; Balanced           ; Balanced           ;
; Carry Chain Length                                                         ; 70                 ; 70                 ;
; Auto Carry Chains                                                          ; On                 ; On                 ;
; Auto Open-Drain Pins                                                       ; On                 ; On                 ;
; Perform WYSIWYG Primitive Resynthesis                                      ; Off                ; Off                ;
; Auto ROM Replacement                                                       ; On                 ; On                 ;
; Auto RAM Replacement                                                       ; On                 ; On                 ;
; Auto DSP Block Replacement                                                 ; On                 ; On                 ;
; Auto Shift Register Replacement                                            ; Auto               ; Auto               ;
; Allow Shift Register Merging across Hierarchies                            ; Auto               ; Auto               ;
; Auto Clock Enable Replacement                                              ; On                 ; On                 ;
; Strict RAM Replacement                                                     ; Off                ; Off                ;
; Allow Synchronous Control Signals                                          ; On                 ; On                 ;
; Force Use of Synchronous Clear Signals                                     ; Off                ; Off                ;
; Auto RAM Block Balancing                                                   ; On                 ; On                 ;
; Auto RAM to Logic Cell Conversion                                          ; Off                ; Off                ;
; Auto Resource Sharing                                                      ; Off                ; Off                ;
; Allow Any RAM Size For Recognition                                         ; Off                ; Off                ;
; Allow Any ROM Size For Recognition                                         ; Off                ; Off                ;
; Allow Any Shift Register Size For Recognition                              ; Off                ; Off                ;
; Use LogicLock Constraints during Resource Balancing                        ; On                 ; On                 ;
; Ignore translate_off and synthesis_off directives                          ; Off                ; Off                ;
; Timing-Driven Synthesis                                                    ; On                 ; On                 ;
; Report Parameter Settings                                                  ; On                 ; On                 ;
; Report Source Assignments                                                  ; On                 ; On                 ;
; Report Connectivity Checks                                                 ; On                 ; On                 ;
; Ignore Maximum Fan-Out Assignments                                         ; Off                ; Off                ;
; Synchronization Register Chain Length                                      ; 2                  ; 2                  ;
; PowerPlay Power Optimization During Synthesis                              ; Normal compilation ; Normal compilation ;
; HDL message level                                                          ; Level2             ; Level2             ;
; Suppress Register Optimization Related Messages                            ; Off                ; Off                ;
; Number of Removed Registers Reported in Synthesis Report                   ; 5000               ; 5000               ;
; Number of Swept Nodes Reported in Synthesis Report                         ; 5000               ; 5000               ;
; Number of Inverted Registers Reported in Synthesis Report                  ; 100                ; 100                ;
; Clock MUX Protection                                                       ; On                 ; On                 ;
; Auto Gated Clock Conversion                                                ; Off                ; Off                ;
; Block Design Naming                                                        ; Auto               ; Auto               ;
; SDC constraint protection                                                  ; Off                ; Off                ;
; Synthesis Effort                                                           ; Auto               ; Auto               ;
; Shift Register Replacement - Allow Asynchronous Clear Signal               ; On                 ; On                 ;
; Pre-Mapping Resynthesis Optimization                                       ; Off                ; Off                ;
; Analysis & Synthesis Message Level                                         ; Medium             ; Medium             ;
; Disable Register Merging Across Hierarchies                                ; Auto               ; Auto               ;
; Resource Aware Inference For Block RAM                                     ; On                 ; On                 ;
+----------------------------------------------------------------------------+--------------------+--------------------+


+------------------------------------------+
; Parallel Compilation                     ;
+----------------------------+-------------+
; Processors                 ; Number      ;
+----------------------------+-------------+
; Number detected on machine ; 4           ;
; Maximum allowed            ; 2           ;
;                            ;             ;
; Average used               ; 1.00        ;
; Maximum used               ; 2           ;
;                            ;             ;
; Usage by Processor         ; % Time Used ;
;     Processor 1            ; 100.0%      ;
;     Processor 2            ;   0.2%      ;
+----------------------------+-------------+


+--------------------------------------------------------------------------------------------------------------------------------------------------------------------------------------------------------------------------+
; Analysis & Synthesis Source Files Read                                                                                                                                                                                   ;
+----------------------------------+-----------------+---------------------------------------------+-------------------------------------------------------------------------------------------------------------+---------+
; File Name with User-Entered Path ; Used in Netlist ; File Type                                   ; File Name with Absolute Path                                                                                ; Library ;
+----------------------------------+-----------------+---------------------------------------------+-------------------------------------------------------------------------------------------------------------+---------+
; system.v                         ; yes             ; User Verilog HDL File                       ; D:/Study in BK/HK172/Computer Architecture/Lab/Assignment/Ass 2/MIPS_Computer_simplified/system.v           ;         ;
; IMEM.v                           ; yes             ; User Verilog HDL File                       ; D:/Study in BK/HK172/Computer Architecture/Lab/Assignment/Ass 2/MIPS_Computer_simplified/IMEM.v             ;         ;
; REG.v                            ; yes             ; User Verilog HDL File                       ; D:/Study in BK/HK172/Computer Architecture/Lab/Assignment/Ass 2/MIPS_Computer_simplified/REG.v              ;         ;
; ALU.v                            ; yes             ; User Verilog HDL File                       ; D:/Study in BK/HK172/Computer Architecture/Lab/Assignment/Ass 2/MIPS_Computer_simplified/ALU.v              ;         ;
; DMEM.v                           ; yes             ; User Verilog HDL File                       ; D:/Study in BK/HK172/Computer Architecture/Lab/Assignment/Ass 2/MIPS_Computer_simplified/DMEM.v             ;         ;
; control.v                        ; yes             ; User Verilog HDL File                       ; D:/Study in BK/HK172/Computer Architecture/Lab/Assignment/Ass 2/MIPS_Computer_simplified/control.v          ;         ;
; ALU_control.v                    ; yes             ; User Verilog HDL File                       ; D:/Study in BK/HK172/Computer Architecture/Lab/Assignment/Ass 2/MIPS_Computer_simplified/ALU_control.v      ;         ;
; Exception_Handle.v               ; yes             ; User Verilog HDL File                       ; D:/Study in BK/HK172/Computer Architecture/Lab/Assignment/Ass 2/MIPS_Computer_simplified/Exception_Handle.v ;         ;
; Sign_Extend.v                    ; yes             ; User Verilog HDL File                       ; D:/Study in BK/HK172/Computer Architecture/Lab/Assignment/Ass 2/MIPS_Computer_simplified/Sign_Extend.v      ;         ;
; EPC.v                            ; yes             ; User Verilog HDL File                       ; D:/Study in BK/HK172/Computer Architecture/Lab/Assignment/Ass 2/MIPS_Computer_simplified/EPC.v              ;         ;
; LCD_Controller.v                 ; yes             ; User Verilog HDL File                       ; D:/Study in BK/HK172/Computer Architecture/Lab/Assignment/Ass 2/MIPS_Computer_simplified/LCD_Controller.v   ;         ;
; LCD_TEST.v                       ; yes             ; User Verilog HDL File                       ; D:/Study in BK/HK172/Computer Architecture/Lab/Assignment/Ass 2/MIPS_Computer_simplified/LCD_TEST.v         ;         ;
; LCD_Selector.v                   ; yes             ; User Verilog HDL File                       ; D:/Study in BK/HK172/Computer Architecture/Lab/Assignment/Ass 2/MIPS_Computer_simplified/LCD_Selector.v     ;         ;
; system_INTERFACE.v               ; yes             ; User Verilog HDL File                       ; D:/Study in BK/HK172/Computer Architecture/Lab/Assignment/Ass 2/MIPS_Computer_simplified/system_INTERFACE.v ;         ;
; PC.v                             ; yes             ; User Verilog HDL File                       ; D:/Study in BK/HK172/Computer Architecture/Lab/Assignment/Ass 2/MIPS_Computer_simplified/PC.v               ;         ;
; clock_50_to_01.v                 ; yes             ; User Verilog HDL File                       ; D:/Study in BK/HK172/Computer Architecture/Lab/Assignment/Ass 2/MIPS_Computer_simplified/clock_50_to_01.v   ;         ;
; dmem_mem.hex                     ; yes             ; Auto-Found Hexadecimal (Intel-Format) File  ; D:/Study in BK/HK172/Computer Architecture/Lab/Assignment/Ass 2/MIPS_Computer_simplified/dmem_mem.hex       ;         ;
; imem_mem.hex                     ; yes             ; Auto-Found Hexadecimal (Intel-Format) File  ; D:/Study in BK/HK172/Computer Architecture/Lab/Assignment/Ass 2/MIPS_Computer_simplified/imem_mem.hex       ;         ;
+----------------------------------+-----------------+---------------------------------------------+-------------------------------------------------------------------------------------------------------------+---------+


+----------------------------------------------------------------------------------+
; Analysis & Synthesis Resource Usage Summary                                      ;
+--------------------------+-------------------------------------------------------+
; Resource                 ; Usage                                                 ;
+--------------------------+-------------------------------------------------------+
; I/O pins                 ; 75                                                    ;
;                          ;                                                       ;
; DSP block 9-bit elements ; 0                                                     ;
;                          ;                                                       ;
; Maximum fan-out node     ; system:interface|clock_50_to_01:uclock_50_to_01|clk_o ;
; Maximum fan-out          ; 1321                                                  ;
; Total fan-out            ; 10301                                                 ;
; Average fan-out          ; 3.24                                                  ;
+--------------------------+-------------------------------------------------------+


+-----------------------------------------------------------------------------------------------------------------------------------------------------------------------------------------------------------------------------------------------------------------------------------------------+
; Analysis & Synthesis Resource Utilization by Entity                                                                                                                                                                                                                                           ;
+--------------------------------------------+---------------------+---------------------------+-------------+--------------+---------+-----------+-----------+------+--------------+-------------------------------------------------------------------------+------------------+--------------+
; Compilation Hierarchy Node                 ; Combinational ALUTs ; Dedicated Logic Registers ; Memory Bits ; DSP Elements ; DSP 9x9 ; DSP 18x18 ; DSP 36x36 ; Pins ; Virtual Pins ; Full Hierarchy Name                                                     ; Entity Name      ; Library Name ;
+--------------------------------------------+---------------------+---------------------------+-------------+--------------+---------+-----------+-----------+------+--------------+-------------------------------------------------------------------------+------------------+--------------+
; |system_INTERFACE                          ; 1624 (0)            ; 1405 (0)                  ; 0           ; 0            ; 0       ; 0         ; 0         ; 75   ; 0            ; |system_INTERFACE                                                       ; system_INTERFACE ; work         ;
;    |system:interface|                      ; 1624 (90)           ; 1405 (0)                  ; 0           ; 0            ; 0       ; 0         ; 0         ; 0    ; 0            ; |system_INTERFACE|system:interface                                      ; system           ; work         ;
;       |ALU:uALU|                           ; 65 (65)             ; 0 (0)                     ; 0           ; 0            ; 0       ; 0         ; 0         ; 0    ; 0            ; |system_INTERFACE|system:interface|ALU:uALU                             ; ALU              ; work         ;
;       |DMEM:uDMEM|                         ; 266 (266)           ; 352 (352)                 ; 0           ; 0            ; 0       ; 0         ; 0         ; 0    ; 0            ; |system_INTERFACE|system:interface|DMEM:uDMEM                           ; DMEM             ; work         ;
;       |Exception_Handle:uException_Handle| ; 2 (2)               ; 0 (0)                     ; 0           ; 0            ; 0       ; 0         ; 0         ; 0    ; 0            ; |system_INTERFACE|system:interface|Exception_Handle:uException_Handle   ; Exception_Handle ; work         ;
;       |IMEM:uIMEM|                         ; 12 (12)             ; 0 (0)                     ; 0           ; 0            ; 0       ; 0         ; 0         ; 0    ; 0            ; |system_INTERFACE|system:interface|IMEM:uIMEM                           ; IMEM             ; work         ;
;       |LCD_Selector:uLCD_selector|         ; 201 (201)           ; 0 (0)                     ; 0           ; 0            ; 0       ; 0         ; 0         ; 0    ; 0            ; |system_INTERFACE|system:interface|LCD_Selector:uLCD_selector           ; LCD_Selector     ; work         ;
;       |LCD_TEST:uLCD_TEST|                 ; 194 (173)           ; 51 (38)                   ; 0           ; 0            ; 0       ; 0         ; 0         ; 0    ; 0            ; |system_INTERFACE|system:interface|LCD_TEST:uLCD_TEST                   ; LCD_TEST         ; work         ;
;          |LCD_Controller:u0|               ; 21 (21)             ; 13 (13)                   ; 0           ; 0            ; 0       ; 0         ; 0         ; 0    ; 0            ; |system_INTERFACE|system:interface|LCD_TEST:uLCD_TEST|LCD_Controller:u0 ; LCD_Controller   ; work         ;
;       |PC:uPC|                             ; 8 (8)               ; 8 (8)                     ; 0           ; 0            ; 0       ; 0         ; 0         ; 0    ; 0            ; |system_INTERFACE|system:interface|PC:uPC                               ; PC               ; work         ;
;       |REG:uREG|                           ; 737 (737)           ; 968 (968)                 ; 0           ; 0            ; 0       ; 0         ; 0         ; 0    ; 0            ; |system_INTERFACE|system:interface|REG:uREG                             ; REG              ; work         ;
;       |clock_50_to_01:uclock_50_to_01|     ; 42 (42)             ; 26 (26)                   ; 0           ; 0            ; 0       ; 0         ; 0         ; 0    ; 0            ; |system_INTERFACE|system:interface|clock_50_to_01:uclock_50_to_01       ; clock_50_to_01   ; work         ;
;       |control:ucontrol|                   ; 7 (7)               ; 0 (0)                     ; 0           ; 0            ; 0       ; 0         ; 0         ; 0    ; 0            ; |system_INTERFACE|system:interface|control:ucontrol                     ; control          ; work         ;
+--------------------------------------------+---------------------+---------------------------+-------------+--------------+---------+-----------+-----------+------+--------------+-------------------------------------------------------------------------+------------------+--------------+
Note: For table entries with two numbers listed, the numbers in parentheses indicate the number of resources of the given type used by the specific entity alone. The numbers listed outside of parentheses indicate the total resources of the given type used by the specific entity and all of its sub-entities in the hierarchy.


Encoding Type:  One-Hot
+------------------------------------------------------------------------------------+
; State Machine - |system_INTERFACE|system:interface|LCD_TEST:uLCD_TEST|mLCD_ST      ;
+----------------+----------------+----------------+----------------+----------------+
; Name           ; mLCD_ST.000011 ; mLCD_ST.000010 ; mLCD_ST.000001 ; mLCD_ST.000000 ;
+----------------+----------------+----------------+----------------+----------------+
; mLCD_ST.000000 ; 0              ; 0              ; 0              ; 0              ;
; mLCD_ST.000001 ; 0              ; 0              ; 1              ; 1              ;
; mLCD_ST.000010 ; 0              ; 1              ; 0              ; 1              ;
; mLCD_ST.000011 ; 1              ; 0              ; 0              ; 1              ;
+----------------+----------------+----------------+----------------+----------------+


Encoding Type:  One-Hot
+--------------------------------------------------------------------------------------------+
; State Machine - |system_INTERFACE|system:interface|LCD_TEST:uLCD_TEST|LCD_Controller:u0|ST ;
+-------+-------+-------+-------+------------------------------------------------------------+
; Name  ; ST.11 ; ST.10 ; ST.01 ; ST.00                                                      ;
+-------+-------+-------+-------+------------------------------------------------------------+
; ST.00 ; 0     ; 0     ; 0     ; 0                                                          ;
; ST.01 ; 0     ; 0     ; 1     ; 1                                                          ;
; ST.10 ; 0     ; 1     ; 0     ; 1                                                          ;
; ST.11 ; 1     ; 0     ; 0     ; 1                                                          ;
+-------+-------+-------+-------+------------------------------------------------------------+


+---------------------------------------------------------------------------------+
; Registers Removed During Synthesis                                              ;
+------------------------------------------------------------+--------------------+
; Register name                                              ; Reason for Removal ;
+------------------------------------------------------------+--------------------+
; system:interface|LCD_TEST:uLCD_TEST|mLCD_ST~8              ; Lost fanout        ;
; system:interface|LCD_TEST:uLCD_TEST|mLCD_ST~9              ; Lost fanout        ;
; system:interface|LCD_TEST:uLCD_TEST|mLCD_ST~10             ; Lost fanout        ;
; system:interface|LCD_TEST:uLCD_TEST|mLCD_ST~11             ; Lost fanout        ;
; system:interface|LCD_TEST:uLCD_TEST|mLCD_ST~12             ; Lost fanout        ;
; system:interface|LCD_TEST:uLCD_TEST|mLCD_ST~13             ; Lost fanout        ;
; system:interface|LCD_TEST:uLCD_TEST|LCD_Controller:u0|ST~8 ; Lost fanout        ;
; system:interface|LCD_TEST:uLCD_TEST|LCD_Controller:u0|ST~9 ; Lost fanout        ;
; system:interface|REG:uREG|REG_mem~835                      ; Lost fanout        ;
; system:interface|REG:uREG|REG_mem~611                      ; Lost fanout        ;
; system:interface|REG:uREG|REG_mem~579                      ; Lost fanout        ;
; system:interface|REG:uREG|REG_mem~867                      ; Lost fanout        ;
; system:interface|REG:uREG|REG_mem~771                      ; Lost fanout        ;
; system:interface|REG:uREG|REG_mem~547                      ; Lost fanout        ;
; system:interface|REG:uREG|REG_mem~515                      ; Lost fanout        ;
; system:interface|REG:uREG|REG_mem~803                      ; Lost fanout        ;
; system:interface|REG:uREG|REG_mem~163                      ; Lost fanout        ;
; system:interface|REG:uREG|REG_mem~387                      ; Lost fanout        ;
; system:interface|REG:uREG|REG_mem~131                      ; Lost fanout        ;
; system:interface|REG:uREG|REG_mem~419                      ; Lost fanout        ;
; system:interface|REG:uREG|REG_mem~227                      ; Lost fanout        ;
; system:interface|REG:uREG|REG_mem~451                      ; Lost fanout        ;
; system:interface|REG:uREG|REG_mem~195                      ; Lost fanout        ;
; system:interface|REG:uREG|REG_mem~483                      ; Lost fanout        ;
; system:interface|REG:uREG|REG_mem~863                      ; Lost fanout        ;
; system:interface|REG:uREG|REG_mem~639                      ; Lost fanout        ;
; system:interface|REG:uREG|REG_mem~607                      ; Lost fanout        ;
; system:interface|REG:uREG|REG_mem~895                      ; Lost fanout        ;
; system:interface|REG:uREG|REG_mem~799                      ; Lost fanout        ;
; system:interface|REG:uREG|REG_mem~575                      ; Lost fanout        ;
; system:interface|REG:uREG|REG_mem~543                      ; Lost fanout        ;
; system:interface|REG:uREG|REG_mem~831                      ; Lost fanout        ;
; system:interface|REG:uREG|REG_mem~415                      ; Lost fanout        ;
; system:interface|REG:uREG|REG_mem~191                      ; Lost fanout        ;
; system:interface|REG:uREG|REG_mem~159                      ; Lost fanout        ;
; system:interface|REG:uREG|REG_mem~447                      ; Lost fanout        ;
; system:interface|REG:uREG|REG_mem~255                      ; Lost fanout        ;
; system:interface|REG:uREG|REG_mem~479                      ; Lost fanout        ;
; system:interface|REG:uREG|REG_mem~223                      ; Lost fanout        ;
; system:interface|REG:uREG|REG_mem~511                      ; Lost fanout        ;
; system:interface|REG:uREG|REG_mem~204                      ; Lost fanout        ;
; system:interface|REG:uREG|REG_mem~396                      ; Lost fanout        ;
; system:interface|REG:uREG|REG_mem~140                      ; Lost fanout        ;
; system:interface|REG:uREG|REG_mem~460                      ; Lost fanout        ;
; system:interface|REG:uREG|REG_mem~236                      ; Lost fanout        ;
; system:interface|REG:uREG|REG_mem~428                      ; Lost fanout        ;
; system:interface|REG:uREG|REG_mem~172                      ; Lost fanout        ;
; system:interface|REG:uREG|REG_mem~492                      ; Lost fanout        ;
; system:interface|REG:uREG|REG_mem~203                      ; Lost fanout        ;
; system:interface|REG:uREG|REG_mem~395                      ; Lost fanout        ;
; system:interface|REG:uREG|REG_mem~139                      ; Lost fanout        ;
; system:interface|REG:uREG|REG_mem~459                      ; Lost fanout        ;
; system:interface|REG:uREG|REG_mem~235                      ; Lost fanout        ;
; system:interface|REG:uREG|REG_mem~427                      ; Lost fanout        ;
; system:interface|REG:uREG|REG_mem~171                      ; Lost fanout        ;
; system:interface|REG:uREG|REG_mem~491                      ; Lost fanout        ;
; system:interface|REG:uREG|REG_mem~197                      ; Lost fanout        ;
; system:interface|REG:uREG|REG_mem~389                      ; Lost fanout        ;
; system:interface|REG:uREG|REG_mem~133                      ; Lost fanout        ;
; system:interface|REG:uREG|REG_mem~453                      ; Lost fanout        ;
; system:interface|REG:uREG|REG_mem~229                      ; Lost fanout        ;
; system:interface|REG:uREG|REG_mem~421                      ; Lost fanout        ;
; system:interface|REG:uREG|REG_mem~165                      ; Lost fanout        ;
; system:interface|REG:uREG|REG_mem~485                      ; Lost fanout        ;
; Total Number of Removed Registers = 64                     ;                    ;
+------------------------------------------------------------+--------------------+


+------------------------------------------------------+
; General Register Statistics                          ;
+----------------------------------------------+-------+
; Statistic                                    ; Value ;
+----------------------------------------------+-------+
; Total registers                              ; 1405  ;
; Number of registers using Synchronous Clear  ; 18    ;
; Number of registers using Synchronous Load   ; 0     ;
; Number of registers using Asynchronous Clear ; 8     ;
; Number of registers using Asynchronous Load  ; 0     ;
; Number of registers using Clock Enable       ; 1360  ;
; Number of registers using Preset             ; 0     ;
+----------------------------------------------+-------+


+----------------------------------------------------------------------------------------------------------------------------------------------------------------------------------------------+
; Multiplexer Restructuring Statistics (Restructuring Performed)                                                                                                                               ;
+--------------------+-----------+---------------+----------------------+------------------------+------------+--------------------------------------------------------------------------------+
; Multiplexer Inputs ; Bus Width ; Baseline Area ; Area if Restructured ; Saving if Restructured ; Registered ; Example Multiplexer Output                                                     ;
+--------------------+-----------+---------------+----------------------+------------------------+------------+--------------------------------------------------------------------------------+
; 3:1                ; 6 bits    ; 12 LEs        ; 6 LEs                ; 6 LEs                  ; Yes        ; |system_INTERFACE|system:interface|LCD_TEST:uLCD_TEST|LUT_INDEX[0]             ;
; 3:1                ; 2 bits    ; 4 LEs         ; 2 LEs                ; 2 LEs                  ; Yes        ; |system_INTERFACE|system:interface|LCD_TEST:uLCD_TEST|LCD_Controller:u0|oDone  ;
; 4:1                ; 3 bits    ; 6 LEs         ; 3 LEs                ; 3 LEs                  ; No         ; |system_INTERFACE|system:interface|ALU_control:uALU_control|ALU_control_out[3] ;
; 11:1               ; 31 bits   ; 217 LEs       ; 186 LEs              ; 31 LEs                 ; No         ; |system_INTERFACE|system:interface|ALU:uALU|Mux15                              ;
; 7:1                ; 2 bits    ; 8 LEs         ; 6 LEs                ; 2 LEs                  ; No         ; |system_INTERFACE|system:interface|LCD_TEST:uLCD_TEST|mLCD_ST                  ;
; 257:1              ; 7 bits    ; 1197 LEs      ; 28 LEs               ; 1169 LEs               ; No         ; |system_INTERFACE|system:interface|LCD_Selector:uLCD_selector|Selector14       ;
; 257:1              ; 4 bits    ; 684 LEs       ; 20 LEs               ; 664 LEs                ; No         ; |system_INTERFACE|system:interface|LCD_Selector:uLCD_selector|Selector30       ;
; 71:1               ; 7 bits    ; 329 LEs       ; 28 LEs               ; 301 LEs                ; No         ; |system_INTERFACE|system:interface|LCD_Selector:uLCD_selector|Selector12       ;
+--------------------+-----------+---------------+----------------------+------------------------+------------+--------------------------------------------------------------------------------+


+--------------------------------------------------------------------------------+
; Parameter Settings for User Entity Instance: system:interface|control:ucontrol ;
+----------------+--------+------------------------------------------------------+
; Parameter Name ; Value  ; Type                                                 ;
+----------------+--------+------------------------------------------------------+
; Jump           ; 1      ; Unsigned Binary                                      ;
; Branch         ; 1      ; Unsigned Binary                                      ;
; MemRead        ; 1      ; Unsigned Binary                                      ;
; MemWrite       ; 1      ; Unsigned Binary                                      ;
; Mem2Reg        ; 1      ; Unsigned Binary                                      ;
; ALUop_io       ; 00     ; Unsigned Binary                                      ;
; ALUop_branch   ; 01     ; Unsigned Binary                                      ;
; ALUop_R        ; 10     ; Unsigned Binary                                      ;
; ALUop_I        ; 11     ; Unsigned Binary                                      ;
; Exception      ; 1      ; Unsigned Binary                                      ;
; ALUsrc         ; 1      ; Unsigned Binary                                      ;
; RegWrite       ; 1      ; Unsigned Binary                                      ;
; RegDst         ; 1      ; Unsigned Binary                                      ;
; addi           ; 001000 ; Unsigned Binary                                      ;
; lw             ; 100011 ; Unsigned Binary                                      ;
; sw             ; 101011 ; Unsigned Binary                                      ;
; j              ; 000010 ; Unsigned Binary                                      ;
; beq            ; 000100 ; Unsigned Binary                                      ;
; bne            ; 000101 ; Unsigned Binary                                      ;
; slti           ; 001010 ; Unsigned Binary                                      ;
; andi           ; 001100 ; Unsigned Binary                                      ;
; ori            ; 001101 ; Unsigned Binary                                      ;
; sb             ; 101000 ; Unsigned Binary                                      ;
+----------------+--------+------------------------------------------------------+
Note: In order to hide this table in the UI and the text report file, please set the "Show Parameter Settings in Synthesis Report" option in "Analysis and Synthesis Settings -> More Settings" to "Off".


+----------------------------------------------------------------------------------+
; Parameter Settings for User Entity Instance: system:interface|LCD_TEST:uLCD_TEST ;
+----------------+-------+---------------------------------------------------------+
; Parameter Name ; Value ; Type                                                    ;
+----------------+-------+---------------------------------------------------------+
; LCD_INTIAL     ; 0     ; Signed Integer                                          ;
; LCD_LINE1      ; 5     ; Signed Integer                                          ;
; LCD_CH_LINE    ; 21    ; Signed Integer                                          ;
; LCD_LINE2      ; 22    ; Signed Integer                                          ;
; LUT_SIZE       ; 38    ; Signed Integer                                          ;
+----------------+-------+---------------------------------------------------------+
Note: In order to hide this table in the UI and the text report file, please set the "Show Parameter Settings in Synthesis Report" option in "Analysis and Synthesis Settings -> More Settings" to "Off".


+----------------------------------------------------------------------------------------------------+
; Parameter Settings for User Entity Instance: system:interface|LCD_TEST:uLCD_TEST|LCD_Controller:u0 ;
+----------------+-------+---------------------------------------------------------------------------+
; Parameter Name ; Value ; Type                                                                      ;
+----------------+-------+---------------------------------------------------------------------------+
; CLK_Divide     ; 16    ; Signed Integer                                                            ;
+----------------+-------+---------------------------------------------------------------------------+
Note: In order to hide this table in the UI and the text report file, please set the "Show Parameter Settings in Synthesis Report" option in "Analysis and Synthesis Settings -> More Settings" to "Off".


+-----------------------------------------------------------------------------------------------------------------------------------+
; Port Connectivity Checks: "system:interface|LCD_Selector:uLCD_selector"                                                           ;
+-------------------------+--------+----------+-------------------------------------------------------------------------------------+
; Port                    ; Type   ; Severity ; Details                                                                             ;
+-------------------------+--------+----------+-------------------------------------------------------------------------------------+
; ALU_status_data[31..8]  ; Input  ; Info     ; Stuck at GND                                                                        ;
; control_data[31..11]    ; Input  ; Info     ; Stuck at GND                                                                        ;
; ALU_control_data[31..4] ; Input  ; Info     ; Stuck at GND                                                                        ;
; EPC_data[31..8]         ; Input  ; Info     ; Stuck at GND                                                                        ;
; oz6                     ; Output ; Info     ; Connected to dangling logic. Logic that only feeds a dangling port will be removed. ;
+-------------------------+--------+----------+-------------------------------------------------------------------------------------+


+-----------------------------------------------------------------+
; Port Connectivity Checks: "system:interface|LCD_TEST:uLCD_TEST" ;
+--------+-------+----------+-------------------------------------+
; Port   ; Type  ; Severity ; Details                             ;
+--------+-------+----------+-------------------------------------+
; iRST_N ; Input ; Info     ; Stuck at VCC                        ;
+--------+-------+----------+-------------------------------------+


+----------------------------------------------------------------------------------------------------------------------------------------------------------------------------------------------------------------------+
; Port Connectivity Checks: "system:interface|DMEM:uDMEM"                                                                                                                                                              ;
+--------------+-------+----------+------------------------------------------------------------------------------------------------------------------------------------------------------------------------------------+
; Port         ; Type  ; Severity ; Details                                                                                                                                                                            ;
+--------------+-------+----------+------------------------------------------------------------------------------------------------------------------------------------------------------------------------------------+
; DMEM_address ; Input ; Warning  ; Input port expression (32 bits) is wider than the input port (8 bits) it drives.  The 24 most-significant bit(s) in the expression will be dangling if they have no other fanouts. ;
+--------------+-------+----------+------------------------------------------------------------------------------------------------------------------------------------------------------------------------------------+


+----------------------------------------------------------------------------------------------------------------------------------------------------------------------------------------------------------------------+
; Port Connectivity Checks: "system:interface|REG:uREG"                                                                                                                                                                ;
+----------------+-------+----------+----------------------------------------------------------------------------------------------------------------------------------------------------------------------------------+
; Port           ; Type  ; Severity ; Details                                                                                                                                                                          ;
+----------------+-------+----------+----------------------------------------------------------------------------------------------------------------------------------------------------------------------------------+
; REG_address_wr ; Input ; Warning  ; Input port expression (6 bits) is wider than the input port (5 bits) it drives.  The 1 most-significant bit(s) in the expression will be dangling if they have no other fanouts. ;
+----------------+-------+----------+----------------------------------------------------------------------------------------------------------------------------------------------------------------------------------+


+---------------------------------------------------------------------------------------------------------------------------------------+
; Port Connectivity Checks: "system:interface"                                                                                          ;
+--------+--------+----------+----------------------------------------------------------------------------------------------------------+
; Port   ; Type   ; Severity ; Details                                                                                                  ;
+--------+--------+----------+----------------------------------------------------------------------------------------------------------+
; EH_led ; Output ; Warning  ; Declared by entity but not connected by instance. Logic that only feeds a dangling port will be removed. ;
+--------+--------+----------+----------------------------------------------------------------------------------------------------------+


+-----------------------------------------------------+
; Post-Synthesis Netlist Statistics for Top Partition ;
+-----------------------+-----------------------------+
; Type                  ; Count                       ;
+-----------------------+-----------------------------+
; boundary_port         ; 75                          ;
; cycloneiii_ff         ; 1405                        ;
;     CLR               ; 8                           ;
;     ENA               ; 1342                        ;
;     ENA SCLR          ; 18                          ;
;     plain             ; 37                          ;
; cycloneiii_lcell_comb ; 1627                        ;
;     arith             ; 120                         ;
;         2 data inputs ; 57                          ;
;         3 data inputs ; 63                          ;
;     normal            ; 1507                        ;
;         0 data inputs ; 3                           ;
;         1 data inputs ; 17                          ;
;         2 data inputs ; 75                          ;
;         3 data inputs ; 115                         ;
;         4 data inputs ; 1297                        ;
;                       ;                             ;
; Max LUT depth         ; 22.10                       ;
; Average LUT depth     ; 15.11                       ;
+-----------------------+-----------------------------+


+-------------------------------+
; Elapsed Time Per Partition    ;
+----------------+--------------+
; Partition Name ; Elapsed Time ;
+----------------+--------------+
; Top            ; 00:00:09     ;
+----------------+--------------+


+-------------------------------+
; Analysis & Synthesis Messages ;
+-------------------------------+
Info: *******************************************************************
Info: Running Quartus Prime Analysis & Synthesis
    Info: Version 16.1.0 Build 196 10/24/2016 SJ Lite Edition
    Info: Processing started: Sat May 26 01:03:59 2018
Info: Command: quartus_map --read_settings_files=on --write_settings_files=off MIPS_Computer_simplified -c system
Info (20032): Parallel compilation is enabled and will use up to 2 processors
Info (12021): Found 1 design units, including 1 entities, in source file system.v
    Info (12023): Found entity 1: system File: D:/Study in BK/HK172/Computer Architecture/Lab/Assignment/Ass 2/MIPS_Computer_simplified/system.v Line: 5
Info (12021): Found 1 design units, including 1 entities, in source file imem.v
    Info (12023): Found entity 1: IMEM File: D:/Study in BK/HK172/Computer Architecture/Lab/Assignment/Ass 2/MIPS_Computer_simplified/IMEM.v Line: 1
Info (12021): Found 1 design units, including 1 entities, in source file reg.v
    Info (12023): Found entity 1: REG File: D:/Study in BK/HK172/Computer Architecture/Lab/Assignment/Ass 2/MIPS_Computer_simplified/REG.v Line: 1
Info (12021): Found 1 design units, including 1 entities, in source file alu.v
    Info (12023): Found entity 1: ALU File: D:/Study in BK/HK172/Computer Architecture/Lab/Assignment/Ass 2/MIPS_Computer_simplified/ALU.v Line: 1
Info (12021): Found 1 design units, including 1 entities, in source file dmem.v
    Info (12023): Found entity 1: DMEM File: D:/Study in BK/HK172/Computer Architecture/Lab/Assignment/Ass 2/MIPS_Computer_simplified/DMEM.v Line: 1
Info (12021): Found 1 design units, including 1 entities, in source file control.v
    Info (12023): Found entity 1: control File: D:/Study in BK/HK172/Computer Architecture/Lab/Assignment/Ass 2/MIPS_Computer_simplified/control.v Line: 1
Info (12021): Found 1 design units, including 1 entities, in source file led7seg_decoder.v
    Info (12023): Found entity 1: SEG_HEX File: D:/Study in BK/HK172/Computer Architecture/Lab/Assignment/Ass 2/MIPS_Computer_simplified/LED7SEG_decoder.v Line: 1
Info (12021): Found 1 design units, including 1 entities, in source file alu_control.v
    Info (12023): Found entity 1: ALU_control File: D:/Study in BK/HK172/Computer Architecture/Lab/Assignment/Ass 2/MIPS_Computer_simplified/ALU_control.v Line: 1
Info (12021): Found 1 design units, including 1 entities, in source file exception_handle.v
    Info (12023): Found entity 1: Exception_Handle File: D:/Study in BK/HK172/Computer Architecture/Lab/Assignment/Ass 2/MIPS_Computer_simplified/Exception_Handle.v Line: 1
Info (12021): Found 1 design units, including 1 entities, in source file sign_extend.v
    Info (12023): Found entity 1: Sign_Ext File: D:/Study in BK/HK172/Computer Architecture/Lab/Assignment/Ass 2/MIPS_Computer_simplified/Sign_Extend.v Line: 1
Info (12021): Found 1 design units, including 1 entities, in source file epc.v
    Info (12023): Found entity 1: EPC File: D:/Study in BK/HK172/Computer Architecture/Lab/Assignment/Ass 2/MIPS_Computer_simplified/EPC.v Line: 1
Info (12021): Found 1 design units, including 1 entities, in source file lcd_controller.v
    Info (12023): Found entity 1: LCD_Controller File: D:/Study in BK/HK172/Computer Architecture/Lab/Assignment/Ass 2/MIPS_Computer_simplified/LCD_Controller.v Line: 1
Info (12021): Found 1 design units, including 1 entities, in source file lcd_test.v
    Info (12023): Found entity 1: LCD_TEST File: D:/Study in BK/HK172/Computer Architecture/Lab/Assignment/Ass 2/MIPS_Computer_simplified/LCD_TEST.v Line: 1
Info (12021): Found 1 design units, including 1 entities, in source file lcd_selector.v
    Info (12023): Found entity 1: LCD_Selector File: D:/Study in BK/HK172/Computer Architecture/Lab/Assignment/Ass 2/MIPS_Computer_simplified/LCD_Selector.v Line: 1
Warning (10463): Verilog HDL Declaration warning at system_INTERFACE.v(35): "interface" is SystemVerilog-2005 keyword File: D:/Study in BK/HK172/Computer Architecture/Lab/Assignment/Ass 2/MIPS_Computer_simplified/system_INTERFACE.v Line: 35
Info (12021): Found 1 design units, including 1 entities, in source file system_interface.v
    Info (12023): Found entity 1: system_INTERFACE File: D:/Study in BK/HK172/Computer Architecture/Lab/Assignment/Ass 2/MIPS_Computer_simplified/system_INTERFACE.v Line: 1
Info (12021): Found 1 design units, including 1 entities, in source file pc.v
    Info (12023): Found entity 1: PC File: D:/Study in BK/HK172/Computer Architecture/Lab/Assignment/Ass 2/MIPS_Computer_simplified/PC.v Line: 1
Info (12021): Found 1 design units, including 1 entities, in source file clock_50_to_01.v
    Info (12023): Found entity 1: clock_50_to_01 File: D:/Study in BK/HK172/Computer Architecture/Lab/Assignment/Ass 2/MIPS_Computer_simplified/clock_50_to_01.v Line: 1
Info (12127): Elaborating entity "system_INTERFACE" for the top level hierarchy
Info (12128): Elaborating entity "system" for hierarchy "system:interface" File: D:/Study in BK/HK172/Computer Architecture/Lab/Assignment/Ass 2/MIPS_Computer_simplified/system_INTERFACE.v Line: 35
Warning (10230): Verilog HDL assignment warning at system.v(193): truncated value with size 32 to match size of target (8) File: D:/Study in BK/HK172/Computer Architecture/Lab/Assignment/Ass 2/MIPS_Computer_simplified/system.v Line: 193
Warning (10034): Output port "ALU_result_leds" at system.v(30) has no driver File: D:/Study in BK/HK172/Computer Architecture/Lab/Assignment/Ass 2/MIPS_Computer_simplified/system.v Line: 30
Warning (10034): Output port "EH_led" at system.v(17) has no driver File: D:/Study in BK/HK172/Computer Architecture/Lab/Assignment/Ass 2/MIPS_Computer_simplified/system.v Line: 17
Info (12128): Elaborating entity "PC" for hierarchy "system:interface|PC:uPC" File: D:/Study in BK/HK172/Computer Architecture/Lab/Assignment/Ass 2/MIPS_Computer_simplified/system.v Line: 70
Info (12128): Elaborating entity "IMEM" for hierarchy "system:interface|IMEM:uIMEM" File: D:/Study in BK/HK172/Computer Architecture/Lab/Assignment/Ass 2/MIPS_Computer_simplified/system.v Line: 77
Warning (10850): Verilog HDL warning at IMEM.v(11): number of words (5) in memory file does not match the number of elements in the address range [0:20] File: D:/Study in BK/HK172/Computer Architecture/Lab/Assignment/Ass 2/MIPS_Computer_simplified/IMEM.v Line: 11
Warning (10030): Net "IMEM_mem.data_a" at IMEM.v(7) has no driver or initial value, using a default initial value '0' File: D:/Study in BK/HK172/Computer Architecture/Lab/Assignment/Ass 2/MIPS_Computer_simplified/IMEM.v Line: 7
Warning (10030): Net "IMEM_mem.waddr_a" at IMEM.v(7) has no driver or initial value, using a default initial value '0' File: D:/Study in BK/HK172/Computer Architecture/Lab/Assignment/Ass 2/MIPS_Computer_simplified/IMEM.v Line: 7
Warning (10030): Net "IMEM_mem.we_a" at IMEM.v(7) has no driver or initial value, using a default initial value '0' File: D:/Study in BK/HK172/Computer Architecture/Lab/Assignment/Ass 2/MIPS_Computer_simplified/IMEM.v Line: 7
Info (12128): Elaborating entity "REG" for hierarchy "system:interface|REG:uREG" File: D:/Study in BK/HK172/Computer Architecture/Lab/Assignment/Ass 2/MIPS_Computer_simplified/system.v Line: 89
Info (12128): Elaborating entity "ALU" for hierarchy "system:interface|ALU:uALU" File: D:/Study in BK/HK172/Computer Architecture/Lab/Assignment/Ass 2/MIPS_Computer_simplified/system.v Line: 100
Warning (10235): Verilog HDL Always Construct warning at ALU.v(18): variable "ALU_operand_1" is read inside the Always Construct but isn't in the Always Construct's Event Control File: D:/Study in BK/HK172/Computer Architecture/Lab/Assignment/Ass 2/MIPS_Computer_simplified/ALU.v Line: 18
Warning (10235): Verilog HDL Always Construct warning at ALU.v(18): variable "ALU_operand_2" is read inside the Always Construct but isn't in the Always Construct's Event Control File: D:/Study in BK/HK172/Computer Architecture/Lab/Assignment/Ass 2/MIPS_Computer_simplified/ALU.v Line: 18
Warning (10235): Verilog HDL Always Construct warning at ALU.v(19): variable "ALU_operand_1" is read inside the Always Construct but isn't in the Always Construct's Event Control File: D:/Study in BK/HK172/Computer Architecture/Lab/Assignment/Ass 2/MIPS_Computer_simplified/ALU.v Line: 19
Warning (10235): Verilog HDL Always Construct warning at ALU.v(19): variable "ALU_operand_2" is read inside the Always Construct but isn't in the Always Construct's Event Control File: D:/Study in BK/HK172/Computer Architecture/Lab/Assignment/Ass 2/MIPS_Computer_simplified/ALU.v Line: 19
Warning (10235): Verilog HDL Always Construct warning at ALU.v(21): variable "ALU_operand_1" is read inside the Always Construct but isn't in the Always Construct's Event Control File: D:/Study in BK/HK172/Computer Architecture/Lab/Assignment/Ass 2/MIPS_Computer_simplified/ALU.v Line: 21
Warning (10235): Verilog HDL Always Construct warning at ALU.v(21): variable "ALU_operand_2" is read inside the Always Construct but isn't in the Always Construct's Event Control File: D:/Study in BK/HK172/Computer Architecture/Lab/Assignment/Ass 2/MIPS_Computer_simplified/ALU.v Line: 21
Warning (10235): Verilog HDL Always Construct warning at ALU.v(22): variable "ALU_operand_1" is read inside the Always Construct but isn't in the Always Construct's Event Control File: D:/Study in BK/HK172/Computer Architecture/Lab/Assignment/Ass 2/MIPS_Computer_simplified/ALU.v Line: 22
Warning (10235): Verilog HDL Always Construct warning at ALU.v(22): variable "ALU_operand_2" is read inside the Always Construct but isn't in the Always Construct's Event Control File: D:/Study in BK/HK172/Computer Architecture/Lab/Assignment/Ass 2/MIPS_Computer_simplified/ALU.v Line: 22
Warning (10235): Verilog HDL Always Construct warning at ALU.v(23): variable "ALU_operand_1" is read inside the Always Construct but isn't in the Always Construct's Event Control File: D:/Study in BK/HK172/Computer Architecture/Lab/Assignment/Ass 2/MIPS_Computer_simplified/ALU.v Line: 23
Warning (10235): Verilog HDL Always Construct warning at ALU.v(23): variable "ALU_operand_2" is read inside the Always Construct but isn't in the Always Construct's Event Control File: D:/Study in BK/HK172/Computer Architecture/Lab/Assignment/Ass 2/MIPS_Computer_simplified/ALU.v Line: 23
Warning (10235): Verilog HDL Always Construct warning at ALU.v(24): variable "ALU_operand_1" is read inside the Always Construct but isn't in the Always Construct's Event Control File: D:/Study in BK/HK172/Computer Architecture/Lab/Assignment/Ass 2/MIPS_Computer_simplified/ALU.v Line: 24
Warning (10235): Verilog HDL Always Construct warning at ALU.v(24): variable "ALU_operand_2" is read inside the Always Construct but isn't in the Always Construct's Event Control File: D:/Study in BK/HK172/Computer Architecture/Lab/Assignment/Ass 2/MIPS_Computer_simplified/ALU.v Line: 24
Warning (10235): Verilog HDL Always Construct warning at ALU.v(25): variable "ALU_operand_1" is read inside the Always Construct but isn't in the Always Construct's Event Control File: D:/Study in BK/HK172/Computer Architecture/Lab/Assignment/Ass 2/MIPS_Computer_simplified/ALU.v Line: 25
Warning (10235): Verilog HDL Always Construct warning at ALU.v(25): variable "ALU_operand_2" is read inside the Always Construct but isn't in the Always Construct's Event Control File: D:/Study in BK/HK172/Computer Architecture/Lab/Assignment/Ass 2/MIPS_Computer_simplified/ALU.v Line: 25
Warning (10235): Verilog HDL Always Construct warning at ALU.v(28): variable "ALU_operand_1" is read inside the Always Construct but isn't in the Always Construct's Event Control File: D:/Study in BK/HK172/Computer Architecture/Lab/Assignment/Ass 2/MIPS_Computer_simplified/ALU.v Line: 28
Warning (10235): Verilog HDL Always Construct warning at ALU.v(28): variable "ALU_operand_2" is read inside the Always Construct but isn't in the Always Construct's Event Control File: D:/Study in BK/HK172/Computer Architecture/Lab/Assignment/Ass 2/MIPS_Computer_simplified/ALU.v Line: 28
Warning (10235): Verilog HDL Always Construct warning at ALU.v(29): variable "ALU_operand_1" is read inside the Always Construct but isn't in the Always Construct's Event Control File: D:/Study in BK/HK172/Computer Architecture/Lab/Assignment/Ass 2/MIPS_Computer_simplified/ALU.v Line: 29
Warning (10235): Verilog HDL Always Construct warning at ALU.v(29): variable "shamnt" is read inside the Always Construct but isn't in the Always Construct's Event Control File: D:/Study in BK/HK172/Computer Architecture/Lab/Assignment/Ass 2/MIPS_Computer_simplified/ALU.v Line: 29
Warning (10235): Verilog HDL Always Construct warning at ALU.v(30): variable "ALU_operand_1" is read inside the Always Construct but isn't in the Always Construct's Event Control File: D:/Study in BK/HK172/Computer Architecture/Lab/Assignment/Ass 2/MIPS_Computer_simplified/ALU.v Line: 30
Warning (10235): Verilog HDL Always Construct warning at ALU.v(30): variable "shamnt" is read inside the Always Construct but isn't in the Always Construct's Event Control File: D:/Study in BK/HK172/Computer Architecture/Lab/Assignment/Ass 2/MIPS_Computer_simplified/ALU.v Line: 30
Warning (10272): Verilog HDL Case Statement warning at ALU.v(29): case item expression covers a value already covered by a previous case item File: D:/Study in BK/HK172/Computer Architecture/Lab/Assignment/Ass 2/MIPS_Computer_simplified/ALU.v Line: 29
Warning (10240): Verilog HDL Always Construct warning at ALU.v(15): inferring latch(es) for variable "result_temp", which holds its previous value in one or more paths through the always construct File: D:/Study in BK/HK172/Computer Architecture/Lab/Assignment/Ass 2/MIPS_Computer_simplified/ALU.v Line: 15
Info (10041): Inferred latch for "result_temp[32]" at ALU.v(15) File: D:/Study in BK/HK172/Computer Architecture/Lab/Assignment/Ass 2/MIPS_Computer_simplified/ALU.v Line: 15
Info (12128): Elaborating entity "clock_50_to_01" for hierarchy "system:interface|clock_50_to_01:uclock_50_to_01" File: D:/Study in BK/HK172/Computer Architecture/Lab/Assignment/Ass 2/MIPS_Computer_simplified/system.v Line: 106
Warning (10230): Verilog HDL assignment warning at clock_50_to_01.v(17): truncated value with size 32 to match size of target (25) File: D:/Study in BK/HK172/Computer Architecture/Lab/Assignment/Ass 2/MIPS_Computer_simplified/clock_50_to_01.v Line: 17
Info (12128): Elaborating entity "DMEM" for hierarchy "system:interface|DMEM:uDMEM" File: D:/Study in BK/HK172/Computer Architecture/Lab/Assignment/Ass 2/MIPS_Computer_simplified/system.v Line: 118
Warning (10850): Verilog HDL warning at DMEM.v(14): number of words (9) in memory file does not match the number of elements in the address range [0:10] File: D:/Study in BK/HK172/Computer Architecture/Lab/Assignment/Ass 2/MIPS_Computer_simplified/DMEM.v Line: 14
Info (12128): Elaborating entity "control" for hierarchy "system:interface|control:ucontrol" File: D:/Study in BK/HK172/Computer Architecture/Lab/Assignment/Ass 2/MIPS_Computer_simplified/system.v Line: 124
Info (12128): Elaborating entity "ALU_control" for hierarchy "system:interface|ALU_control:uALU_control" File: D:/Study in BK/HK172/Computer Architecture/Lab/Assignment/Ass 2/MIPS_Computer_simplified/system.v Line: 145
Warning (10235): Verilog HDL Always Construct warning at ALU_control.v(47): variable "ALU_control_out" is read inside the Always Construct but isn't in the Always Construct's Event Control File: D:/Study in BK/HK172/Computer Architecture/Lab/Assignment/Ass 2/MIPS_Computer_simplified/ALU_control.v Line: 47
Warning (10240): Verilog HDL Always Construct warning at ALU_control.v(9): inferring latch(es) for variable "ALU_control_out", which holds its previous value in one or more paths through the always construct File: D:/Study in BK/HK172/Computer Architecture/Lab/Assignment/Ass 2/MIPS_Computer_simplified/ALU_control.v Line: 9
Info (10041): Inferred latch for "ALU_control_out[0]" at ALU_control.v(13) File: D:/Study in BK/HK172/Computer Architecture/Lab/Assignment/Ass 2/MIPS_Computer_simplified/ALU_control.v Line: 13
Info (10041): Inferred latch for "ALU_control_out[1]" at ALU_control.v(13) File: D:/Study in BK/HK172/Computer Architecture/Lab/Assignment/Ass 2/MIPS_Computer_simplified/ALU_control.v Line: 13
Info (10041): Inferred latch for "ALU_control_out[2]" at ALU_control.v(13) File: D:/Study in BK/HK172/Computer Architecture/Lab/Assignment/Ass 2/MIPS_Computer_simplified/ALU_control.v Line: 13
Info (10041): Inferred latch for "ALU_control_out[3]" at ALU_control.v(13) File: D:/Study in BK/HK172/Computer Architecture/Lab/Assignment/Ass 2/MIPS_Computer_simplified/ALU_control.v Line: 13
Info (12128): Elaborating entity "Exception_Handle" for hierarchy "system:interface|Exception_Handle:uException_Handle" File: D:/Study in BK/HK172/Computer Architecture/Lab/Assignment/Ass 2/MIPS_Computer_simplified/system.v Line: 156
Info (12128): Elaborating entity "Sign_Ext" for hierarchy "system:interface|Sign_Ext:uSign_Ext" File: D:/Study in BK/HK172/Computer Architecture/Lab/Assignment/Ass 2/MIPS_Computer_simplified/system.v Line: 178
Info (12128): Elaborating entity "EPC" for hierarchy "system:interface|EPC:uEPC" File: D:/Study in BK/HK172/Computer Architecture/Lab/Assignment/Ass 2/MIPS_Computer_simplified/system.v Line: 218
Warning (10235): Verilog HDL Always Construct warning at EPC.v(10): variable "EPC_PC" is read inside the Always Construct but isn't in the Always Construct's Event Control File: D:/Study in BK/HK172/Computer Architecture/Lab/Assignment/Ass 2/MIPS_Computer_simplified/EPC.v Line: 10
Info (12128): Elaborating entity "LCD_TEST" for hierarchy "system:interface|LCD_TEST:uLCD_TEST" File: D:/Study in BK/HK172/Computer Architecture/Lab/Assignment/Ass 2/MIPS_Computer_simplified/system.v Line: 240
Warning (10230): Verilog HDL assignment warning at LCD_TEST.v(67): truncated value with size 32 to match size of target (18) File: D:/Study in BK/HK172/Computer Architecture/Lab/Assignment/Ass 2/MIPS_Computer_simplified/LCD_TEST.v Line: 67
Warning (10230): Verilog HDL assignment warning at LCD_TEST.v(75): truncated value with size 32 to match size of target (6) File: D:/Study in BK/HK172/Computer Architecture/Lab/Assignment/Ass 2/MIPS_Computer_simplified/LCD_TEST.v Line: 75
Warning (10230): Verilog HDL assignment warning at LCD_TEST.v(80): truncated value with size 32 to match size of target (6) File: D:/Study in BK/HK172/Computer Architecture/Lab/Assignment/Ass 2/MIPS_Computer_simplified/LCD_TEST.v Line: 80
Info (12128): Elaborating entity "LCD_Controller" for hierarchy "system:interface|LCD_TEST:uLCD_TEST|LCD_Controller:u0" File: D:/Study in BK/HK172/Computer Architecture/Lab/Assignment/Ass 2/MIPS_Computer_simplified/LCD_TEST.v Line: 145
Warning (10230): Verilog HDL assignment warning at LCD_Controller.v(68): truncated value with size 32 to match size of target (5) File: D:/Study in BK/HK172/Computer Architecture/Lab/Assignment/Ass 2/MIPS_Computer_simplified/LCD_Controller.v Line: 68
Info (12128): Elaborating entity "LCD_Selector" for hierarchy "system:interface|LCD_Selector:uLCD_selector" File: D:/Study in BK/HK172/Computer Architecture/Lab/Assignment/Ass 2/MIPS_Computer_simplified/system.v Line: 264
Warning (10235): Verilog HDL Always Construct warning at LCD_Selector.v(18): variable "IMEM_data" is read inside the Always Construct but isn't in the Always Construct's Event Control File: D:/Study in BK/HK172/Computer Architecture/Lab/Assignment/Ass 2/MIPS_Computer_simplified/LCD_Selector.v Line: 18
Warning (10235): Verilog HDL Always Construct warning at LCD_Selector.v(19): variable "IMEM_data" is read inside the Always Construct but isn't in the Always Construct's Event Control File: D:/Study in BK/HK172/Computer Architecture/Lab/Assignment/Ass 2/MIPS_Computer_simplified/LCD_Selector.v Line: 19
Warning (10235): Verilog HDL Always Construct warning at LCD_Selector.v(20): variable "IMEM_data" is read inside the Always Construct but isn't in the Always Construct's Event Control File: D:/Study in BK/HK172/Computer Architecture/Lab/Assignment/Ass 2/MIPS_Computer_simplified/LCD_Selector.v Line: 20
Warning (10235): Verilog HDL Always Construct warning at LCD_Selector.v(21): variable "IMEM_data" is read inside the Always Construct but isn't in the Always Construct's Event Control File: D:/Study in BK/HK172/Computer Architecture/Lab/Assignment/Ass 2/MIPS_Computer_simplified/LCD_Selector.v Line: 21
Warning (10235): Verilog HDL Always Construct warning at LCD_Selector.v(22): variable "IMEM_data" is read inside the Always Construct but isn't in the Always Construct's Event Control File: D:/Study in BK/HK172/Computer Architecture/Lab/Assignment/Ass 2/MIPS_Computer_simplified/LCD_Selector.v Line: 22
Warning (10235): Verilog HDL Always Construct warning at LCD_Selector.v(23): variable "IMEM_data" is read inside the Always Construct but isn't in the Always Construct's Event Control File: D:/Study in BK/HK172/Computer Architecture/Lab/Assignment/Ass 2/MIPS_Computer_simplified/LCD_Selector.v Line: 23
Warning (10235): Verilog HDL Always Construct warning at LCD_Selector.v(24): variable "IMEM_data" is read inside the Always Construct but isn't in the Always Construct's Event Control File: D:/Study in BK/HK172/Computer Architecture/Lab/Assignment/Ass 2/MIPS_Computer_simplified/LCD_Selector.v Line: 24
Warning (10235): Verilog HDL Always Construct warning at LCD_Selector.v(25): variable "IMEM_data" is read inside the Always Construct but isn't in the Always Construct's Event Control File: D:/Study in BK/HK172/Computer Architecture/Lab/Assignment/Ass 2/MIPS_Computer_simplified/LCD_Selector.v Line: 25
Warning (10235): Verilog HDL Always Construct warning at LCD_Selector.v(30): variable "REG_data" is read inside the Always Construct but isn't in the Always Construct's Event Control File: D:/Study in BK/HK172/Computer Architecture/Lab/Assignment/Ass 2/MIPS_Computer_simplified/LCD_Selector.v Line: 30
Warning (10235): Verilog HDL Always Construct warning at LCD_Selector.v(31): variable "REG_data" is read inside the Always Construct but isn't in the Always Construct's Event Control File: D:/Study in BK/HK172/Computer Architecture/Lab/Assignment/Ass 2/MIPS_Computer_simplified/LCD_Selector.v Line: 31
Warning (10235): Verilog HDL Always Construct warning at LCD_Selector.v(32): variable "REG_data" is read inside the Always Construct but isn't in the Always Construct's Event Control File: D:/Study in BK/HK172/Computer Architecture/Lab/Assignment/Ass 2/MIPS_Computer_simplified/LCD_Selector.v Line: 32
Warning (10235): Verilog HDL Always Construct warning at LCD_Selector.v(33): variable "REG_data" is read inside the Always Construct but isn't in the Always Construct's Event Control File: D:/Study in BK/HK172/Computer Architecture/Lab/Assignment/Ass 2/MIPS_Computer_simplified/LCD_Selector.v Line: 33
Warning (10235): Verilog HDL Always Construct warning at LCD_Selector.v(34): variable "REG_data" is read inside the Always Construct but isn't in the Always Construct's Event Control File: D:/Study in BK/HK172/Computer Architecture/Lab/Assignment/Ass 2/MIPS_Computer_simplified/LCD_Selector.v Line: 34
Warning (10235): Verilog HDL Always Construct warning at LCD_Selector.v(35): variable "REG_data" is read inside the Always Construct but isn't in the Always Construct's Event Control File: D:/Study in BK/HK172/Computer Architecture/Lab/Assignment/Ass 2/MIPS_Computer_simplified/LCD_Selector.v Line: 35
Warning (10235): Verilog HDL Always Construct warning at LCD_Selector.v(36): variable "REG_data" is read inside the Always Construct but isn't in the Always Construct's Event Control File: D:/Study in BK/HK172/Computer Architecture/Lab/Assignment/Ass 2/MIPS_Computer_simplified/LCD_Selector.v Line: 36
Warning (10235): Verilog HDL Always Construct warning at LCD_Selector.v(37): variable "REG_data" is read inside the Always Construct but isn't in the Always Construct's Event Control File: D:/Study in BK/HK172/Computer Architecture/Lab/Assignment/Ass 2/MIPS_Computer_simplified/LCD_Selector.v Line: 37
Warning (10235): Verilog HDL Always Construct warning at LCD_Selector.v(42): variable "ALU_data" is read inside the Always Construct but isn't in the Always Construct's Event Control File: D:/Study in BK/HK172/Computer Architecture/Lab/Assignment/Ass 2/MIPS_Computer_simplified/LCD_Selector.v Line: 42
Warning (10235): Verilog HDL Always Construct warning at LCD_Selector.v(43): variable "ALU_data" is read inside the Always Construct but isn't in the Always Construct's Event Control File: D:/Study in BK/HK172/Computer Architecture/Lab/Assignment/Ass 2/MIPS_Computer_simplified/LCD_Selector.v Line: 43
Warning (10235): Verilog HDL Always Construct warning at LCD_Selector.v(44): variable "ALU_data" is read inside the Always Construct but isn't in the Always Construct's Event Control File: D:/Study in BK/HK172/Computer Architecture/Lab/Assignment/Ass 2/MIPS_Computer_simplified/LCD_Selector.v Line: 44
Warning (10235): Verilog HDL Always Construct warning at LCD_Selector.v(45): variable "ALU_data" is read inside the Always Construct but isn't in the Always Construct's Event Control File: D:/Study in BK/HK172/Computer Architecture/Lab/Assignment/Ass 2/MIPS_Computer_simplified/LCD_Selector.v Line: 45
Warning (10235): Verilog HDL Always Construct warning at LCD_Selector.v(46): variable "ALU_data" is read inside the Always Construct but isn't in the Always Construct's Event Control File: D:/Study in BK/HK172/Computer Architecture/Lab/Assignment/Ass 2/MIPS_Computer_simplified/LCD_Selector.v Line: 46
Warning (10235): Verilog HDL Always Construct warning at LCD_Selector.v(47): variable "ALU_data" is read inside the Always Construct but isn't in the Always Construct's Event Control File: D:/Study in BK/HK172/Computer Architecture/Lab/Assignment/Ass 2/MIPS_Computer_simplified/LCD_Selector.v Line: 47
Warning (10235): Verilog HDL Always Construct warning at LCD_Selector.v(48): variable "ALU_data" is read inside the Always Construct but isn't in the Always Construct's Event Control File: D:/Study in BK/HK172/Computer Architecture/Lab/Assignment/Ass 2/MIPS_Computer_simplified/LCD_Selector.v Line: 48
Warning (10235): Verilog HDL Always Construct warning at LCD_Selector.v(49): variable "ALU_data" is read inside the Always Construct but isn't in the Always Construct's Event Control File: D:/Study in BK/HK172/Computer Architecture/Lab/Assignment/Ass 2/MIPS_Computer_simplified/LCD_Selector.v Line: 49
Warning (10235): Verilog HDL Always Construct warning at LCD_Selector.v(54): variable "ALU_status_data" is read inside the Always Construct but isn't in the Always Construct's Event Control File: D:/Study in BK/HK172/Computer Architecture/Lab/Assignment/Ass 2/MIPS_Computer_simplified/LCD_Selector.v Line: 54
Warning (10235): Verilog HDL Always Construct warning at LCD_Selector.v(55): variable "ALU_status_data" is read inside the Always Construct but isn't in the Always Construct's Event Control File: D:/Study in BK/HK172/Computer Architecture/Lab/Assignment/Ass 2/MIPS_Computer_simplified/LCD_Selector.v Line: 55
Warning (10235): Verilog HDL Always Construct warning at LCD_Selector.v(56): variable "ALU_status_data" is read inside the Always Construct but isn't in the Always Construct's Event Control File: D:/Study in BK/HK172/Computer Architecture/Lab/Assignment/Ass 2/MIPS_Computer_simplified/LCD_Selector.v Line: 56
Warning (10235): Verilog HDL Always Construct warning at LCD_Selector.v(57): variable "ALU_status_data" is read inside the Always Construct but isn't in the Always Construct's Event Control File: D:/Study in BK/HK172/Computer Architecture/Lab/Assignment/Ass 2/MIPS_Computer_simplified/LCD_Selector.v Line: 57
Warning (10235): Verilog HDL Always Construct warning at LCD_Selector.v(58): variable "ALU_status_data" is read inside the Always Construct but isn't in the Always Construct's Event Control File: D:/Study in BK/HK172/Computer Architecture/Lab/Assignment/Ass 2/MIPS_Computer_simplified/LCD_Selector.v Line: 58
Warning (10235): Verilog HDL Always Construct warning at LCD_Selector.v(59): variable "ALU_status_data" is read inside the Always Construct but isn't in the Always Construct's Event Control File: D:/Study in BK/HK172/Computer Architecture/Lab/Assignment/Ass 2/MIPS_Computer_simplified/LCD_Selector.v Line: 59
Warning (10235): Verilog HDL Always Construct warning at LCD_Selector.v(60): variable "ALU_status_data" is read inside the Always Construct but isn't in the Always Construct's Event Control File: D:/Study in BK/HK172/Computer Architecture/Lab/Assignment/Ass 2/MIPS_Computer_simplified/LCD_Selector.v Line: 60
Warning (10235): Verilog HDL Always Construct warning at LCD_Selector.v(61): variable "ALU_status_data" is read inside the Always Construct but isn't in the Always Construct's Event Control File: D:/Study in BK/HK172/Computer Architecture/Lab/Assignment/Ass 2/MIPS_Computer_simplified/LCD_Selector.v Line: 61
Warning (10235): Verilog HDL Always Construct warning at LCD_Selector.v(66): variable "DMEM_data" is read inside the Always Construct but isn't in the Always Construct's Event Control File: D:/Study in BK/HK172/Computer Architecture/Lab/Assignment/Ass 2/MIPS_Computer_simplified/LCD_Selector.v Line: 66
Warning (10235): Verilog HDL Always Construct warning at LCD_Selector.v(67): variable "DMEM_data" is read inside the Always Construct but isn't in the Always Construct's Event Control File: D:/Study in BK/HK172/Computer Architecture/Lab/Assignment/Ass 2/MIPS_Computer_simplified/LCD_Selector.v Line: 67
Warning (10235): Verilog HDL Always Construct warning at LCD_Selector.v(68): variable "DMEM_data" is read inside the Always Construct but isn't in the Always Construct's Event Control File: D:/Study in BK/HK172/Computer Architecture/Lab/Assignment/Ass 2/MIPS_Computer_simplified/LCD_Selector.v Line: 68
Warning (10235): Verilog HDL Always Construct warning at LCD_Selector.v(69): variable "DMEM_data" is read inside the Always Construct but isn't in the Always Construct's Event Control File: D:/Study in BK/HK172/Computer Architecture/Lab/Assignment/Ass 2/MIPS_Computer_simplified/LCD_Selector.v Line: 69
Warning (10235): Verilog HDL Always Construct warning at LCD_Selector.v(70): variable "DMEM_data" is read inside the Always Construct but isn't in the Always Construct's Event Control File: D:/Study in BK/HK172/Computer Architecture/Lab/Assignment/Ass 2/MIPS_Computer_simplified/LCD_Selector.v Line: 70
Warning (10235): Verilog HDL Always Construct warning at LCD_Selector.v(71): variable "DMEM_data" is read inside the Always Construct but isn't in the Always Construct's Event Control File: D:/Study in BK/HK172/Computer Architecture/Lab/Assignment/Ass 2/MIPS_Computer_simplified/LCD_Selector.v Line: 71
Warning (10235): Verilog HDL Always Construct warning at LCD_Selector.v(72): variable "DMEM_data" is read inside the Always Construct but isn't in the Always Construct's Event Control File: D:/Study in BK/HK172/Computer Architecture/Lab/Assignment/Ass 2/MIPS_Computer_simplified/LCD_Selector.v Line: 72
Warning (10235): Verilog HDL Always Construct warning at LCD_Selector.v(73): variable "DMEM_data" is read inside the Always Construct but isn't in the Always Construct's Event Control File: D:/Study in BK/HK172/Computer Architecture/Lab/Assignment/Ass 2/MIPS_Computer_simplified/LCD_Selector.v Line: 73
Warning (10235): Verilog HDL Always Construct warning at LCD_Selector.v(78): variable "control_data" is read inside the Always Construct but isn't in the Always Construct's Event Control File: D:/Study in BK/HK172/Computer Architecture/Lab/Assignment/Ass 2/MIPS_Computer_simplified/LCD_Selector.v Line: 78
Warning (10235): Verilog HDL Always Construct warning at LCD_Selector.v(79): variable "control_data" is read inside the Always Construct but isn't in the Always Construct's Event Control File: D:/Study in BK/HK172/Computer Architecture/Lab/Assignment/Ass 2/MIPS_Computer_simplified/LCD_Selector.v Line: 79
Warning (10235): Verilog HDL Always Construct warning at LCD_Selector.v(80): variable "control_data" is read inside the Always Construct but isn't in the Always Construct's Event Control File: D:/Study in BK/HK172/Computer Architecture/Lab/Assignment/Ass 2/MIPS_Computer_simplified/LCD_Selector.v Line: 80
Warning (10235): Verilog HDL Always Construct warning at LCD_Selector.v(81): variable "control_data" is read inside the Always Construct but isn't in the Always Construct's Event Control File: D:/Study in BK/HK172/Computer Architecture/Lab/Assignment/Ass 2/MIPS_Computer_simplified/LCD_Selector.v Line: 81
Warning (10235): Verilog HDL Always Construct warning at LCD_Selector.v(82): variable "control_data" is read inside the Always Construct but isn't in the Always Construct's Event Control File: D:/Study in BK/HK172/Computer Architecture/Lab/Assignment/Ass 2/MIPS_Computer_simplified/LCD_Selector.v Line: 82
Warning (10235): Verilog HDL Always Construct warning at LCD_Selector.v(83): variable "control_data" is read inside the Always Construct but isn't in the Always Construct's Event Control File: D:/Study in BK/HK172/Computer Architecture/Lab/Assignment/Ass 2/MIPS_Computer_simplified/LCD_Selector.v Line: 83
Warning (10235): Verilog HDL Always Construct warning at LCD_Selector.v(84): variable "control_data" is read inside the Always Construct but isn't in the Always Construct's Event Control File: D:/Study in BK/HK172/Computer Architecture/Lab/Assignment/Ass 2/MIPS_Computer_simplified/LCD_Selector.v Line: 84
Warning (10235): Verilog HDL Always Construct warning at LCD_Selector.v(85): variable "control_data" is read inside the Always Construct but isn't in the Always Construct's Event Control File: D:/Study in BK/HK172/Computer Architecture/Lab/Assignment/Ass 2/MIPS_Computer_simplified/LCD_Selector.v Line: 85
Warning (10235): Verilog HDL Always Construct warning at LCD_Selector.v(90): variable "ALU_control_data" is read inside the Always Construct but isn't in the Always Construct's Event Control File: D:/Study in BK/HK172/Computer Architecture/Lab/Assignment/Ass 2/MIPS_Computer_simplified/LCD_Selector.v Line: 90
Warning (10235): Verilog HDL Always Construct warning at LCD_Selector.v(91): variable "ALU_control_data" is read inside the Always Construct but isn't in the Always Construct's Event Control File: D:/Study in BK/HK172/Computer Architecture/Lab/Assignment/Ass 2/MIPS_Computer_simplified/LCD_Selector.v Line: 91
Warning (10235): Verilog HDL Always Construct warning at LCD_Selector.v(92): variable "ALU_control_data" is read inside the Always Construct but isn't in the Always Construct's Event Control File: D:/Study in BK/HK172/Computer Architecture/Lab/Assignment/Ass 2/MIPS_Computer_simplified/LCD_Selector.v Line: 92
Warning (10235): Verilog HDL Always Construct warning at LCD_Selector.v(93): variable "ALU_control_data" is read inside the Always Construct but isn't in the Always Construct's Event Control File: D:/Study in BK/HK172/Computer Architecture/Lab/Assignment/Ass 2/MIPS_Computer_simplified/LCD_Selector.v Line: 93
Warning (10235): Verilog HDL Always Construct warning at LCD_Selector.v(94): variable "ALU_control_data" is read inside the Always Construct but isn't in the Always Construct's Event Control File: D:/Study in BK/HK172/Computer Architecture/Lab/Assignment/Ass 2/MIPS_Computer_simplified/LCD_Selector.v Line: 94
Warning (10235): Verilog HDL Always Construct warning at LCD_Selector.v(95): variable "ALU_control_data" is read inside the Always Construct but isn't in the Always Construct's Event Control File: D:/Study in BK/HK172/Computer Architecture/Lab/Assignment/Ass 2/MIPS_Computer_simplified/LCD_Selector.v Line: 95
Warning (10235): Verilog HDL Always Construct warning at LCD_Selector.v(96): variable "ALU_control_data" is read inside the Always Construct but isn't in the Always Construct's Event Control File: D:/Study in BK/HK172/Computer Architecture/Lab/Assignment/Ass 2/MIPS_Computer_simplified/LCD_Selector.v Line: 96
Warning (10235): Verilog HDL Always Construct warning at LCD_Selector.v(97): variable "ALU_control_data" is read inside the Always Construct but isn't in the Always Construct's Event Control File: D:/Study in BK/HK172/Computer Architecture/Lab/Assignment/Ass 2/MIPS_Computer_simplified/LCD_Selector.v Line: 97
Warning (10235): Verilog HDL Always Construct warning at LCD_Selector.v(102): variable "EPC_data" is read inside the Always Construct but isn't in the Always Construct's Event Control File: D:/Study in BK/HK172/Computer Architecture/Lab/Assignment/Ass 2/MIPS_Computer_simplified/LCD_Selector.v Line: 102
Warning (10235): Verilog HDL Always Construct warning at LCD_Selector.v(103): variable "EPC_data" is read inside the Always Construct but isn't in the Always Construct's Event Control File: D:/Study in BK/HK172/Computer Architecture/Lab/Assignment/Ass 2/MIPS_Computer_simplified/LCD_Selector.v Line: 103
Warning (10235): Verilog HDL Always Construct warning at LCD_Selector.v(104): variable "EPC_data" is read inside the Always Construct but isn't in the Always Construct's Event Control File: D:/Study in BK/HK172/Computer Architecture/Lab/Assignment/Ass 2/MIPS_Computer_simplified/LCD_Selector.v Line: 104
Warning (10235): Verilog HDL Always Construct warning at LCD_Selector.v(105): variable "EPC_data" is read inside the Always Construct but isn't in the Always Construct's Event Control File: D:/Study in BK/HK172/Computer Architecture/Lab/Assignment/Ass 2/MIPS_Computer_simplified/LCD_Selector.v Line: 105
Warning (10235): Verilog HDL Always Construct warning at LCD_Selector.v(106): variable "EPC_data" is read inside the Always Construct but isn't in the Always Construct's Event Control File: D:/Study in BK/HK172/Computer Architecture/Lab/Assignment/Ass 2/MIPS_Computer_simplified/LCD_Selector.v Line: 106
Warning (10235): Verilog HDL Always Construct warning at LCD_Selector.v(107): variable "EPC_data" is read inside the Always Construct but isn't in the Always Construct's Event Control File: D:/Study in BK/HK172/Computer Architecture/Lab/Assignment/Ass 2/MIPS_Computer_simplified/LCD_Selector.v Line: 107
Warning (10235): Verilog HDL Always Construct warning at LCD_Selector.v(108): variable "EPC_data" is read inside the Always Construct but isn't in the Always Construct's Event Control File: D:/Study in BK/HK172/Computer Architecture/Lab/Assignment/Ass 2/MIPS_Computer_simplified/LCD_Selector.v Line: 108
Warning (10235): Verilog HDL Always Construct warning at LCD_Selector.v(109): variable "EPC_data" is read inside the Always Construct but isn't in the Always Construct's Event Control File: D:/Study in BK/HK172/Computer Architecture/Lab/Assignment/Ass 2/MIPS_Computer_simplified/LCD_Selector.v Line: 109
Info (10264): Verilog HDL Case Statement information at LCD_Selector.v(14): all case item expressions in this case statement are onehot File: D:/Study in BK/HK172/Computer Architecture/Lab/Assignment/Ass 2/MIPS_Computer_simplified/LCD_Selector.v Line: 14
Info (276014): Found 2 instances of uninferred RAM logic
    Info (276007): RAM logic "system:interface|REG:uREG|REG_mem" is uninferred due to asynchronous read logic File: D:/Study in BK/HK172/Computer Architecture/Lab/Assignment/Ass 2/MIPS_Computer_simplified/REG.v Line: 13
    Info (276007): RAM logic "system:interface|DMEM:uDMEM|DMEM_mem" is uninferred due to asynchronous read logic File: D:/Study in BK/HK172/Computer Architecture/Lab/Assignment/Ass 2/MIPS_Computer_simplified/DMEM.v Line: 11
Critical Warning (127005): Memory depth (32) in the design file differs from memory depth (21) in the Memory Initialization File "D:/Study in BK/HK172/Computer Architecture/Lab/Assignment/Ass 2/MIPS_Computer_simplified/db/system.ram0_IMEM_257482.hdl.mif" -- setting initial value for remaining addresses to 0
Warning (127007): Memory Initialization File or Hexadecimal (Intel-Format) File "D:/Study in BK/HK172/Computer Architecture/Lab/Assignment/Ass 2/MIPS_Computer_simplified/db/system.ram0_IMEM_257482.hdl.mif" contains "don't care" values -- overwriting them with 0s
Warning (14025): LATCH primitive "system:interface|ALU_control:uALU_control|ALU_control_out[1]" is permanently disabled File: D:/Study in BK/HK172/Computer Architecture/Lab/Assignment/Ass 2/MIPS_Computer_simplified/ALU_control.v Line: 13
Warning (14025): LATCH primitive "system:interface|ALU_control:uALU_control|ALU_control_out[3]" is permanently disabled File: D:/Study in BK/HK172/Computer Architecture/Lab/Assignment/Ass 2/MIPS_Computer_simplified/ALU_control.v Line: 13
Warning (14026): LATCH primitive "system:interface|ALU:uALU|result_temp[32]" is permanently enabled File: D:/Study in BK/HK172/Computer Architecture/Lab/Assignment/Ass 2/MIPS_Computer_simplified/ALU.v Line: 15
Warning (127007): Memory Initialization File or Hexadecimal (Intel-Format) File "D:/Study in BK/HK172/Computer Architecture/Lab/Assignment/Ass 2/MIPS_Computer_simplified/db/system.ram0_REG_15692.hdl.mif" contains "don't care" values -- overwriting them with 0s
Critical Warning (127005): Memory depth (16) in the design file differs from memory depth (11) in the Memory Initialization File "D:/Study in BK/HK172/Computer Architecture/Lab/Assignment/Ass 2/MIPS_Computer_simplified/db/system.ram0_DMEM_22f088.hdl.mif" -- setting initial value for remaining addresses to 0
Warning (127007): Memory Initialization File or Hexadecimal (Intel-Format) File "D:/Study in BK/HK172/Computer Architecture/Lab/Assignment/Ass 2/MIPS_Computer_simplified/db/system.ram0_DMEM_22f088.hdl.mif" contains "don't care" values -- overwriting them with 0s
Warning (12241): 3 hierarchies have connectivity warnings - see the Connectivity Checks report folder
Warning (13024): Output pins are stuck at VCC or GND
    Warning (13410): Pin "LCD_ON" is stuck at VCC File: D:/Study in BK/HK172/Computer Architecture/Lab/Assignment/Ass 2/MIPS_Computer_simplified/system_INTERFACE.v Line: 12
    Warning (13410): Pin "LCD_RW" is stuck at GND File: D:/Study in BK/HK172/Computer Architecture/Lab/Assignment/Ass 2/MIPS_Computer_simplified/system_INTERFACE.v Line: 12
    Warning (13410): Pin "LEDR[0]" is stuck at GND File: D:/Study in BK/HK172/Computer Architecture/Lab/Assignment/Ass 2/MIPS_Computer_simplified/system_INTERFACE.v Line: 10
    Warning (13410): Pin "LEDR[1]" is stuck at GND File: D:/Study in BK/HK172/Computer Architecture/Lab/Assignment/Ass 2/MIPS_Computer_simplified/system_INTERFACE.v Line: 10
    Warning (13410): Pin "LEDR[2]" is stuck at GND File: D:/Study in BK/HK172/Computer Architecture/Lab/Assignment/Ass 2/MIPS_Computer_simplified/system_INTERFACE.v Line: 10
    Warning (13410): Pin "LEDR[3]" is stuck at GND File: D:/Study in BK/HK172/Computer Architecture/Lab/Assignment/Ass 2/MIPS_Computer_simplified/system_INTERFACE.v Line: 10
    Warning (13410): Pin "LEDR[4]" is stuck at GND File: D:/Study in BK/HK172/Computer Architecture/Lab/Assignment/Ass 2/MIPS_Computer_simplified/system_INTERFACE.v Line: 10
    Warning (13410): Pin "LEDR[5]" is stuck at GND File: D:/Study in BK/HK172/Computer Architecture/Lab/Assignment/Ass 2/MIPS_Computer_simplified/system_INTERFACE.v Line: 10
    Warning (13410): Pin "LEDR[6]" is stuck at GND File: D:/Study in BK/HK172/Computer Architecture/Lab/Assignment/Ass 2/MIPS_Computer_simplified/system_INTERFACE.v Line: 10
    Warning (13410): Pin "LEDR[7]" is stuck at GND File: D:/Study in BK/HK172/Computer Architecture/Lab/Assignment/Ass 2/MIPS_Computer_simplified/system_INTERFACE.v Line: 10
    Warning (13410): Pin "LEDR[8]" is stuck at GND File: D:/Study in BK/HK172/Computer Architecture/Lab/Assignment/Ass 2/MIPS_Computer_simplified/system_INTERFACE.v Line: 10
    Warning (13410): Pin "LEDR[9]" is stuck at GND File: D:/Study in BK/HK172/Computer Architecture/Lab/Assignment/Ass 2/MIPS_Computer_simplified/system_INTERFACE.v Line: 10
    Warning (13410): Pin "LEDR[10]" is stuck at GND File: D:/Study in BK/HK172/Computer Architecture/Lab/Assignment/Ass 2/MIPS_Computer_simplified/system_INTERFACE.v Line: 10
    Warning (13410): Pin "LEDR[11]" is stuck at GND File: D:/Study in BK/HK172/Computer Architecture/Lab/Assignment/Ass 2/MIPS_Computer_simplified/system_INTERFACE.v Line: 10
    Warning (13410): Pin "LEDR[12]" is stuck at GND File: D:/Study in BK/HK172/Computer Architecture/Lab/Assignment/Ass 2/MIPS_Computer_simplified/system_INTERFACE.v Line: 10
    Warning (13410): Pin "LEDR[13]" is stuck at GND File: D:/Study in BK/HK172/Computer Architecture/Lab/Assignment/Ass 2/MIPS_Computer_simplified/system_INTERFACE.v Line: 10
    Warning (13410): Pin "LEDR[14]" is stuck at GND File: D:/Study in BK/HK172/Computer Architecture/Lab/Assignment/Ass 2/MIPS_Computer_simplified/system_INTERFACE.v Line: 10
    Warning (13410): Pin "LEDR[15]" is stuck at GND File: D:/Study in BK/HK172/Computer Architecture/Lab/Assignment/Ass 2/MIPS_Computer_simplified/system_INTERFACE.v Line: 10
    Warning (13410): Pin "LEDR[16]" is stuck at GND File: D:/Study in BK/HK172/Computer Architecture/Lab/Assignment/Ass 2/MIPS_Computer_simplified/system_INTERFACE.v Line: 10
    Warning (13410): Pin "LEDR[17]" is stuck at GND File: D:/Study in BK/HK172/Computer Architecture/Lab/Assignment/Ass 2/MIPS_Computer_simplified/system_INTERFACE.v Line: 10
    Warning (13410): Pin "HEX6[0]" is stuck at VCC File: D:/Study in BK/HK172/Computer Architecture/Lab/Assignment/Ass 2/MIPS_Computer_simplified/system_INTERFACE.v Line: 13
    Warning (13410): Pin "HEX6[3]" is stuck at VCC File: D:/Study in BK/HK172/Computer Architecture/Lab/Assignment/Ass 2/MIPS_Computer_simplified/system_INTERFACE.v Line: 13
    Warning (13410): Pin "HEX7[1]" is stuck at VCC File: D:/Study in BK/HK172/Computer Architecture/Lab/Assignment/Ass 2/MIPS_Computer_simplified/system_INTERFACE.v Line: 14
    Warning (13410): Pin "HEX7[2]" is stuck at VCC File: D:/Study in BK/HK172/Computer Architecture/Lab/Assignment/Ass 2/MIPS_Computer_simplified/system_INTERFACE.v Line: 14
Info (286030): Timing-Driven Synthesis is running
Info (17049): 64 registers lost all their fanouts during netlist optimizations.
Info (144001): Generated suppressed messages file D:/Study in BK/HK172/Computer Architecture/Lab/Assignment/Ass 2/MIPS_Computer_simplified/output_files/system.map.smsg
Info (16010): Generating hard_block partition "hard_block:auto_generated_inst"
    Info (16011): Adding 0 node(s), including 0 DDIO, 0 PLL, 0 transceiver and 0 LCELL
Warning (21074): Design contains 4 input pin(s) that do not drive logic
    Warning (15610): No output dependent on input pin "SW[8]" File: D:/Study in BK/HK172/Computer Architecture/Lab/Assignment/Ass 2/MIPS_Computer_simplified/system_INTERFACE.v Line: 7
    Warning (15610): No output dependent on input pin "SW[9]" File: D:/Study in BK/HK172/Computer Architecture/Lab/Assignment/Ass 2/MIPS_Computer_simplified/system_INTERFACE.v Line: 7
    Warning (15610): No output dependent on input pin "KEY[1]" File: D:/Study in BK/HK172/Computer Architecture/Lab/Assignment/Ass 2/MIPS_Computer_simplified/system_INTERFACE.v Line: 8
    Warning (15610): No output dependent on input pin "KEY[2]" File: D:/Study in BK/HK172/Computer Architecture/Lab/Assignment/Ass 2/MIPS_Computer_simplified/system_INTERFACE.v Line: 8
Info (21057): Implemented 3011 device resources after synthesis - the final resource count might be different
    Info (21058): Implemented 23 input pins
    Info (21059): Implemented 52 output pins
    Info (21061): Implemented 2936 logic cells
Info: Quartus Prime Analysis & Synthesis was successful. 0 errors, 142 warnings
    Info: Peak virtual memory: 768 megabytes
    Info: Processing ended: Sat May 26 01:04:32 2018
    Info: Elapsed time: 00:00:33
    Info: Total CPU time (on all processors): 00:01:01


+------------------------------------------+
; Analysis & Synthesis Suppressed Messages ;
+------------------------------------------+
The suppressed messages can be found in D:/Study in BK/HK172/Computer Architecture/Lab/Assignment/Ass 2/MIPS_Computer_simplified/output_files/system.map.smsg.


